<!doctype html public "-//w3c//dtd html 4.0 transitional//en">
<html><head>
<title>Static Call Graph - [.\Objects\Project.axf]</title></head>
<body><HR>
<H1>Static Call Graph for image .\Objects\Project.axf</H1><HR>
<BR><P>#&#060CALLGRAPH&#062# ARM Linker, 5060750: Last Updated: Tue Mar 17 20:24:12 2026
<BR><P>
<H3>Maximum Stack Usage =        496 bytes + Unknown(Cycles, Untraceable Function Pointers)</H3><H3>
Call chain for Maximum Stack Depth:</H3>
handle_event_textbox &rArr; sc_draw_Textbox &rArr; sc_draw_str &rArr; sc_draw_lv_letter &rArr; sc_pfb_next_slice &rArr; sc_pfb_refresh
<P>
<H3>
Mutually Recursive functions
</H3> <LI><a href="#[1c]">ADC1_2_IRQHandler</a>&nbsp;&nbsp;&nbsp;&rArr;&nbsp;&nbsp;&nbsp;<a href="#[1c]">ADC1_2_IRQHandler</a><BR>
 <LI><a href="#[4]">BusFault_Handler</a>&nbsp;&nbsp;&nbsp;&rArr;&nbsp;&nbsp;&nbsp;<a href="#[4]">BusFault_Handler</a><BR>
 <LI><a href="#[2]">HardFault_Handler</a>&nbsp;&nbsp;&nbsp;&rArr;&nbsp;&nbsp;&nbsp;<a href="#[2]">HardFault_Handler</a><BR>
 <LI><a href="#[3]">MemManage_Handler</a>&nbsp;&nbsp;&nbsp;&rArr;&nbsp;&nbsp;&nbsp;<a href="#[3]">MemManage_Handler</a><BR>
 <LI><a href="#[5]">UsageFault_Handler</a>&nbsp;&nbsp;&nbsp;&rArr;&nbsp;&nbsp;&nbsp;<a href="#[5]">UsageFault_Handler</a><BR>
</UL>
<P>
<H3>
Function Pointers
</H3><UL>
 <LI><a href="#[1c]">ADC1_2_IRQHandler</a> from startup_stm32f10x_md.o(.text) referenced from startup_stm32f10x_md.o(RESET)
 <LI><a href="#[4]">BusFault_Handler</a> from stm32f10x_it.o(i.BusFault_Handler) referenced from startup_stm32f10x_md.o(RESET)
 <LI><a href="#[1f]">CAN1_RX1_IRQHandler</a> from startup_stm32f10x_md.o(.text) referenced from startup_stm32f10x_md.o(RESET)
 <LI><a href="#[20]">CAN1_SCE_IRQHandler</a> from startup_stm32f10x_md.o(.text) referenced from startup_stm32f10x_md.o(RESET)
 <LI><a href="#[38]">Canvas_bounce_cb</a> from sc_canvas.o(i.Canvas_bounce_cb) referenced from sc_canvas.o(i.Canvas_cmd_event)
 <LI><a href="#[38]">Canvas_bounce_cb</a> from sc_canvas.o(i.Canvas_bounce_cb) referenced from sc_canvas.o(i.handle_event_canvas)
 <LI><a href="#[15]">DMA1_Channel1_IRQHandler</a> from startup_stm32f10x_md.o(.text) referenced from startup_stm32f10x_md.o(RESET)
 <LI><a href="#[16]">DMA1_Channel2_IRQHandler</a> from startup_stm32f10x_md.o(.text) referenced from startup_stm32f10x_md.o(RESET)
 <LI><a href="#[17]">DMA1_Channel3_IRQHandler</a> from startup_stm32f10x_md.o(.text) referenced from startup_stm32f10x_md.o(RESET)
 <LI><a href="#[18]">DMA1_Channel4_IRQHandler</a> from startup_stm32f10x_md.o(.text) referenced from startup_stm32f10x_md.o(RESET)
 <LI><a href="#[19]">DMA1_Channel5_IRQHandler</a> from bsp_common.o(i.DMA1_Channel5_IRQHandler) referenced from startup_stm32f10x_md.o(RESET)
 <LI><a href="#[1a]">DMA1_Channel6_IRQHandler</a> from startup_stm32f10x_md.o(.text) referenced from startup_stm32f10x_md.o(RESET)
 <LI><a href="#[1b]">DMA1_Channel7_IRQHandler</a> from startup_stm32f10x_md.o(.text) referenced from startup_stm32f10x_md.o(RESET)
 <LI><a href="#[7]">DebugMon_Handler</a> from stm32f10x_it.o(i.DebugMon_Handler) referenced from startup_stm32f10x_md.o(RESET)
 <LI><a href="#[10]">EXTI0_IRQHandler</a> from startup_stm32f10x_md.o(.text) referenced from startup_stm32f10x_md.o(RESET)
 <LI><a href="#[32]">EXTI15_10_IRQHandler</a> from startup_stm32f10x_md.o(.text) referenced from startup_stm32f10x_md.o(RESET)
 <LI><a href="#[11]">EXTI1_IRQHandler</a> from startup_stm32f10x_md.o(.text) referenced from startup_stm32f10x_md.o(RESET)
 <LI><a href="#[12]">EXTI2_IRQHandler</a> from startup_stm32f10x_md.o(.text) referenced from startup_stm32f10x_md.o(RESET)
 <LI><a href="#[13]">EXTI3_IRQHandler</a> from startup_stm32f10x_md.o(.text) referenced from startup_stm32f10x_md.o(RESET)
 <LI><a href="#[14]">EXTI4_IRQHandler</a> from startup_stm32f10x_md.o(.text) referenced from startup_stm32f10x_md.o(RESET)
 <LI><a href="#[21]">EXTI9_5_IRQHandler</a> from startup_stm32f10x_md.o(.text) referenced from startup_stm32f10x_md.o(RESET)
 <LI><a href="#[e]">FLASH_IRQHandler</a> from startup_stm32f10x_md.o(.text) referenced from startup_stm32f10x_md.o(RESET)
 <LI><a href="#[2]">HardFault_Handler</a> from stm32f10x_it.o(i.HardFault_Handler) referenced from startup_stm32f10x_md.o(RESET)
 <LI><a href="#[2a]">I2C1_ER_IRQHandler</a> from startup_stm32f10x_md.o(.text) referenced from startup_stm32f10x_md.o(RESET)
 <LI><a href="#[29]">I2C1_EV_IRQHandler</a> from startup_stm32f10x_md.o(.text) referenced from startup_stm32f10x_md.o(RESET)
 <LI><a href="#[2c]">I2C2_ER_IRQHandler</a> from startup_stm32f10x_md.o(.text) referenced from startup_stm32f10x_md.o(RESET)
 <LI><a href="#[2b]">I2C2_EV_IRQHandler</a> from startup_stm32f10x_md.o(.text) referenced from startup_stm32f10x_md.o(RESET)
 <LI><a href="#[39]">LCD_DMA_Fill_color</a> from lcd_spi.o(i.LCD_DMA_Fill_color) referenced from main.o(i.main)
 <LI><a href="#[3]">MemManage_Handler</a> from stm32f10x_it.o(i.MemManage_Handler) referenced from startup_stm32f10x_md.o(RESET)
 <LI><a href="#[1]">NMI_Handler</a> from stm32f10x_it.o(i.NMI_Handler) referenced from startup_stm32f10x_md.o(RESET)
 <LI><a href="#[b]">PVD_IRQHandler</a> from startup_stm32f10x_md.o(.text) referenced from startup_stm32f10x_md.o(RESET)
 <LI><a href="#[8]">PendSV_Handler</a> from stm32f10x_it.o(i.PendSV_Handler) referenced from startup_stm32f10x_md.o(RESET)
 <LI><a href="#[f]">RCC_IRQHandler</a> from startup_stm32f10x_md.o(.text) referenced from startup_stm32f10x_md.o(RESET)
 <LI><a href="#[33]">RTCAlarm_IRQHandler</a> from startup_stm32f10x_md.o(.text) referenced from startup_stm32f10x_md.o(RESET)
 <LI><a href="#[d]">RTC_IRQHandler</a> from startup_stm32f10x_md.o(.text) referenced from startup_stm32f10x_md.o(RESET)
 <LI><a href="#[0]">Reset_Handler</a> from startup_stm32f10x_md.o(.text) referenced from startup_stm32f10x_md.o(RESET)
 <LI><a href="#[2d]">SPI1_IRQHandler</a> from startup_stm32f10x_md.o(.text) referenced from startup_stm32f10x_md.o(RESET)
 <LI><a href="#[2e]">SPI2_IRQHandler</a> from startup_stm32f10x_md.o(.text) referenced from startup_stm32f10x_md.o(RESET)
 <LI><a href="#[6]">SVC_Handler</a> from stm32f10x_it.o(i.SVC_Handler) referenced from startup_stm32f10x_md.o(RESET)
 <LI><a href="#[9]">SysTick_Handler</a> from stm32f10x_it.o(i.SysTick_Handler) referenced from startup_stm32f10x_md.o(RESET)
 <LI><a href="#[36]">SystemInit</a> from system_stm32f10x.o(i.SystemInit) referenced from startup_stm32f10x_md.o(.text)
 <LI><a href="#[c]">TAMPER_IRQHandler</a> from startup_stm32f10x_md.o(.text) referenced from startup_stm32f10x_md.o(RESET)
 <LI><a href="#[22]">TIM1_BRK_IRQHandler</a> from startup_stm32f10x_md.o(.text) referenced from startup_stm32f10x_md.o(RESET)
 <LI><a href="#[25]">TIM1_CC_IRQHandler</a> from startup_stm32f10x_md.o(.text) referenced from startup_stm32f10x_md.o(RESET)
 <LI><a href="#[24]">TIM1_TRG_COM_IRQHandler</a> from startup_stm32f10x_md.o(.text) referenced from startup_stm32f10x_md.o(RESET)
 <LI><a href="#[23]">TIM1_UP_IRQHandler</a> from startup_stm32f10x_md.o(.text) referenced from startup_stm32f10x_md.o(RESET)
 <LI><a href="#[26]">TIM2_IRQHandler</a> from main.o(i.TIM2_IRQHandler) referenced from startup_stm32f10x_md.o(RESET)
 <LI><a href="#[27]">TIM3_IRQHandler</a> from startup_stm32f10x_md.o(.text) referenced from startup_stm32f10x_md.o(RESET)
 <LI><a href="#[28]">TIM4_IRQHandler</a> from startup_stm32f10x_md.o(.text) referenced from startup_stm32f10x_md.o(RESET)
 <LI><a href="#[2f]">USART1_IRQHandler</a> from startup_stm32f10x_md.o(.text) referenced from startup_stm32f10x_md.o(RESET)
 <LI><a href="#[30]">USART2_IRQHandler</a> from startup_stm32f10x_md.o(.text) referenced from startup_stm32f10x_md.o(RESET)
 <LI><a href="#[31]">USART3_IRQHandler</a> from startup_stm32f10x_md.o(.text) referenced from startup_stm32f10x_md.o(RESET)
 <LI><a href="#[34]">USBWakeUp_IRQHandler</a> from startup_stm32f10x_md.o(.text) referenced from startup_stm32f10x_md.o(RESET)
 <LI><a href="#[1d]">USB_HP_CAN1_TX_IRQHandler</a> from startup_stm32f10x_md.o(.text) referenced from startup_stm32f10x_md.o(RESET)
 <LI><a href="#[1e]">USB_LP_CAN1_RX0_IRQHandler</a> from startup_stm32f10x_md.o(.text) referenced from startup_stm32f10x_md.o(RESET)
 <LI><a href="#[5]">UsageFault_Handler</a> from stm32f10x_it.o(i.UsageFault_Handler) referenced from startup_stm32f10x_md.o(RESET)
 <LI><a href="#[a]">WWDG_IRQHandler</a> from startup_stm32f10x_md.o(.text) referenced from startup_stm32f10x_md.o(RESET)
 <LI><a href="#[42]">_Bilinear_Image</a> from sc_transform.o(i._Bilinear_Image) referenced from sc_transform.o(i.sc_draw_transform)
 <LI><a href="#[43]">_Bilinear_font</a> from sc_transform.o(i._Bilinear_font) referenced from sc_transform.o(i.sc_draw_transform)
 <LI><a href="#[37]">__main</a> from entry.o(.ARM.Collect$$$$00000000) referenced from startup_stm32f10x_md.o(.text)
 <LI><a href="#[45]">__user_font_get_bitmap</a> from lv_font_12.o(i.__user_font_get_bitmap) referenced from lv_font_12.o(.data)
 <LI><a href="#[44]">__user_font_get_glyph_dsc</a> from lv_font_12.o(i.__user_font_get_glyph_dsc) referenced from lv_font_12.o(.data)
 <LI><a href="#[3c]">handle_event_canvas</a> from sc_canvas.o(i.handle_event_canvas) referenced from sc_canvas.o(i.sc_create_canvas)
 <LI><a href="#[3b]">handle_event_image</a> from sc_image.o(i.handle_event_image) referenced from sc_image.o(i.sc_create_Image_indexQOI)
 <LI><a href="#[3d]">handle_event_label</a> from sc_label.o(i.handle_event_label) referenced from sc_label.o(i.sc_create_label)
 <LI><a href="#[3f]">handle_event_rect</a> from sc_widget.o(i.handle_event_rect) referenced from sc_widget.o(i.sc_create_srceen)
 <LI><a href="#[3e]">handle_event_rotate</a> from sc_rotate.o(i.handle_event_rotate) referenced from sc_rotate.o(i.sc_create_rotate)
 <LI><a href="#[40]">handle_event_textbox</a> from sc_text_box.o(i.handle_event_textbox) referenced from sc_text_box.o(i.sc_create_textbox)
 <LI><a href="#[35]">main</a> from main.o(i.main) referenced from entry9a.o(.ARM.Collect$$$$0000000B)
 <LI><a href="#[41]">my_watch_cb</a> from sc_demo_widget.o(i.my_watch_cb) referenced from sc_demo_widget.o(i.sc_demo_obj_watch)
 <LI><a href="#[3a]">sc_touch_event</a> from sc_obj_1.o(i.sc_touch_event) referenced from main.o(i.main)
</UL>
<P>
<H3>
Global Symbols
</H3>
<P><STRONG><a name="[37]"></a>__main</STRONG> (Thumb, 0 bytes, Stack size unknown bytes, entry.o(.ARM.Collect$$$$00000000))
<BR>[Address Reference Count : 1]<UL><LI> startup_stm32f10x_md.o(.text)
</UL>
<P><STRONG><a name="[e9]"></a>_main_stk</STRONG> (Thumb, 0 bytes, Stack size unknown bytes, entry2.o(.ARM.Collect$$$$00000001))

<P><STRONG><a name="[46]"></a>_main_scatterload</STRONG> (Thumb, 0 bytes, Stack size unknown bytes, entry5.o(.ARM.Collect$$$$00000004))
<BR><BR>[Calls]<UL><LI><a href="#[47]">&gt;&gt;</a>&nbsp;&nbsp;&nbsp;__scatterload
</UL>

<P><STRONG><a name="[58]"></a>__main_after_scatterload</STRONG> (Thumb, 0 bytes, Stack size unknown bytes, entry5.o(.ARM.Collect$$$$00000004))
<BR><BR>[Called By]<UL><LI><a href="#[47]">&gt;&gt;</a>&nbsp;&nbsp;&nbsp;__scatterload
</UL>

<P><STRONG><a name="[ea]"></a>_main_clock</STRONG> (Thumb, 0 bytes, Stack size unknown bytes, entry7b.o(.ARM.Collect$$$$00000008))

<P><STRONG><a name="[eb]"></a>_main_cpp_init</STRONG> (Thumb, 0 bytes, Stack size unknown bytes, entry8b.o(.ARM.Collect$$$$0000000A))

<P><STRONG><a name="[ec]"></a>_main_init</STRONG> (Thumb, 0 bytes, Stack size unknown bytes, entry9a.o(.ARM.Collect$$$$0000000B))

<P><STRONG><a name="[ed]"></a>__rt_final_cpp</STRONG> (Thumb, 0 bytes, Stack size unknown bytes, entry10a.o(.ARM.Collect$$$$0000000D))

<P><STRONG><a name="[ee]"></a>__rt_final_exit</STRONG> (Thumb, 0 bytes, Stack size unknown bytes, entry11a.o(.ARM.Collect$$$$0000000F))

<P><STRONG><a name="[0]"></a>Reset_Handler</STRONG> (Thumb, 8 bytes, Stack size 0 bytes, startup_stm32f10x_md.o(.text))
<BR>[Address Reference Count : 1]<UL><LI> startup_stm32f10x_md.o(RESET)
</UL>
<P><STRONG><a name="[1c]"></a>ADC1_2_IRQHandler</STRONG> (Thumb, 0 bytes, Stack size 0 bytes, startup_stm32f10x_md.o(.text))
<BR><BR>[Calls]<UL><LI><a href="#[1c]">&gt;&gt;</a>&nbsp;&nbsp;&nbsp;ADC1_2_IRQHandler
</UL>
<BR>[Called By]<UL><LI><a href="#[1c]">&gt;&gt;</a>&nbsp;&nbsp;&nbsp;ADC1_2_IRQHandler
</UL>
<BR>[Address Reference Count : 1]<UL><LI> startup_stm32f10x_md.o(RESET)
</UL>
<P><STRONG><a name="[1f]"></a>CAN1_RX1_IRQHandler</STRONG> (Thumb, 0 bytes, Stack size 0 bytes, startup_stm32f10x_md.o(.text))
<BR>[Address Reference Count : 1]<UL><LI> startup_stm32f10x_md.o(RESET)
</UL>
<P><STRONG><a name="[20]"></a>CAN1_SCE_IRQHandler</STRONG> (Thumb, 0 bytes, Stack size 0 bytes, startup_stm32f10x_md.o(.text))
<BR>[Address Reference Count : 1]<UL><LI> startup_stm32f10x_md.o(RESET)
</UL>
<P><STRONG><a name="[15]"></a>DMA1_Channel1_IRQHandler</STRONG> (Thumb, 0 bytes, Stack size 0 bytes, startup_stm32f10x_md.o(.text))
<BR>[Address Reference Count : 1]<UL><LI> startup_stm32f10x_md.o(RESET)
</UL>
<P><STRONG><a name="[16]"></a>DMA1_Channel2_IRQHandler</STRONG> (Thumb, 0 bytes, Stack size 0 bytes, startup_stm32f10x_md.o(.text))
<BR>[Address Reference Count : 1]<UL><LI> startup_stm32f10x_md.o(RESET)
</UL>
<P><STRONG><a name="[17]"></a>DMA1_Channel3_IRQHandler</STRONG> (Thumb, 0 bytes, Stack size 0 bytes, startup_stm32f10x_md.o(.text))
<BR>[Address Reference Count : 1]<UL><LI> startup_stm32f10x_md.o(RESET)
</UL>
<P><STRONG><a name="[18]"></a>DMA1_Channel4_IRQHandler</STRONG> (Thumb, 0 bytes, Stack size 0 bytes, startup_stm32f10x_md.o(.text))
<BR>[Address Reference Count : 1]<UL><LI> startup_stm32f10x_md.o(RESET)
</UL>
<P><STRONG><a name="[1a]"></a>DMA1_Channel6_IRQHandler</STRONG> (Thumb, 0 bytes, Stack size 0 bytes, startup_stm32f10x_md.o(.text))
<BR>[Address Reference Count : 1]<UL><LI> startup_stm32f10x_md.o(RESET)
</UL>
<P><STRONG><a name="[1b]"></a>DMA1_Channel7_IRQHandler</STRONG> (Thumb, 0 bytes, Stack size 0 bytes, startup_stm32f10x_md.o(.text))
<BR>[Address Reference Count : 1]<UL><LI> startup_stm32f10x_md.o(RESET)
</UL>
<P><STRONG><a name="[10]"></a>EXTI0_IRQHandler</STRONG> (Thumb, 0 bytes, Stack size 0 bytes, startup_stm32f10x_md.o(.text))
<BR>[Address Reference Count : 1]<UL><LI> startup_stm32f10x_md.o(RESET)
</UL>
<P><STRONG><a name="[32]"></a>EXTI15_10_IRQHandler</STRONG> (Thumb, 0 bytes, Stack size 0 bytes, startup_stm32f10x_md.o(.text))
<BR>[Address Reference Count : 1]<UL><LI> startup_stm32f10x_md.o(RESET)
</UL>
<P><STRONG><a name="[11]"></a>EXTI1_IRQHandler</STRONG> (Thumb, 0 bytes, Stack size 0 bytes, startup_stm32f10x_md.o(.text))
<BR>[Address Reference Count : 1]<UL><LI> startup_stm32f10x_md.o(RESET)
</UL>
<P><STRONG><a name="[12]"></a>EXTI2_IRQHandler</STRONG> (Thumb, 0 bytes, Stack size 0 bytes, startup_stm32f10x_md.o(.text))
<BR>[Address Reference Count : 1]<UL><LI> startup_stm32f10x_md.o(RESET)
</UL>
<P><STRONG><a name="[13]"></a>EXTI3_IRQHandler</STRONG> (Thumb, 0 bytes, Stack size 0 bytes, startup_stm32f10x_md.o(.text))
<BR>[Address Reference Count : 1]<UL><LI> startup_stm32f10x_md.o(RESET)
</UL>
<P><STRONG><a name="[14]"></a>EXTI4_IRQHandler</STRONG> (Thumb, 0 bytes, Stack size 0 bytes, startup_stm32f10x_md.o(.text))
<BR>[Address Reference Count : 1]<UL><LI> startup_stm32f10x_md.o(RESET)
</UL>
<P><STRONG><a name="[21]"></a>EXTI9_5_IRQHandler</STRONG> (Thumb, 0 bytes, Stack size 0 bytes, startup_stm32f10x_md.o(.text))
<BR>[Address Reference Count : 1]<UL><LI> startup_stm32f10x_md.o(RESET)
</UL>
<P><STRONG><a name="[e]"></a>FLASH_IRQHandler</STRONG> (Thumb, 0 bytes, Stack size 0 bytes, startup_stm32f10x_md.o(.text))
<BR>[Address Reference Count : 1]<UL><LI> startup_stm32f10x_md.o(RESET)
</UL>
<P><STRONG><a name="[2a]"></a>I2C1_ER_IRQHandler</STRONG> (Thumb, 0 bytes, Stack size 0 bytes, startup_stm32f10x_md.o(.text))
<BR>[Address Reference Count : 1]<UL><LI> startup_stm32f10x_md.o(RESET)
</UL>
<P><STRONG><a name="[29]"></a>I2C1_EV_IRQHandler</STRONG> (Thumb, 0 bytes, Stack size 0 bytes, startup_stm32f10x_md.o(.text))
<BR>[Address Reference Count : 1]<UL><LI> startup_stm32f10x_md.o(RESET)
</UL>
<P><STRONG><a name="[2c]"></a>I2C2_ER_IRQHandler</STRONG> (Thumb, 0 bytes, Stack size 0 bytes, startup_stm32f10x_md.o(.text))
<BR>[Address Reference Count : 1]<UL><LI> startup_stm32f10x_md.o(RESET)
</UL>
<P><STRONG><a name="[2b]"></a>I2C2_EV_IRQHandler</STRONG> (Thumb, 0 bytes, Stack size 0 bytes, startup_stm32f10x_md.o(.text))
<BR>[Address Reference Count : 1]<UL><LI> startup_stm32f10x_md.o(RESET)
</UL>
<P><STRONG><a name="[b]"></a>PVD_IRQHandler</STRONG> (Thumb, 0 bytes, Stack size 0 bytes, startup_stm32f10x_md.o(.text))
<BR>[Address Reference Count : 1]<UL><LI> startup_stm32f10x_md.o(RESET)
</UL>
<P><STRONG><a name="[f]"></a>RCC_IRQHandler</STRONG> (Thumb, 0 bytes, Stack size 0 bytes, startup_stm32f10x_md.o(.text))
<BR>[Address Reference Count : 1]<UL><LI> startup_stm32f10x_md.o(RESET)
</UL>
<P><STRONG><a name="[33]"></a>RTCAlarm_IRQHandler</STRONG> (Thumb, 0 bytes, Stack size 0 bytes, startup_stm32f10x_md.o(.text))
<BR>[Address Reference Count : 1]<UL><LI> startup_stm32f10x_md.o(RESET)
</UL>
<P><STRONG><a name="[d]"></a>RTC_IRQHandler</STRONG> (Thumb, 0 bytes, Stack size 0 bytes, startup_stm32f10x_md.o(.text))
<BR>[Address Reference Count : 1]<UL><LI> startup_stm32f10x_md.o(RESET)
</UL>
<P><STRONG><a name="[2d]"></a>SPI1_IRQHandler</STRONG> (Thumb, 0 bytes, Stack size 0 bytes, startup_stm32f10x_md.o(.text))
<BR>[Address Reference Count : 1]<UL><LI> startup_stm32f10x_md.o(RESET)
</UL>
<P><STRONG><a name="[2e]"></a>SPI2_IRQHandler</STRONG> (Thumb, 0 bytes, Stack size 0 bytes, startup_stm32f10x_md.o(.text))
<BR>[Address Reference Count : 1]<UL><LI> startup_stm32f10x_md.o(RESET)
</UL>
<P><STRONG><a name="[c]"></a>TAMPER_IRQHandler</STRONG> (Thumb, 0 bytes, Stack size 0 bytes, startup_stm32f10x_md.o(.text))
<BR>[Address Reference Count : 1]<UL><LI> startup_stm32f10x_md.o(RESET)
</UL>
<P><STRONG><a name="[22]"></a>TIM1_BRK_IRQHandler</STRONG> (Thumb, 0 bytes, Stack size 0 bytes, startup_stm32f10x_md.o(.text))
<BR>[Address Reference Count : 1]<UL><LI> startup_stm32f10x_md.o(RESET)
</UL>
<P><STRONG><a name="[25]"></a>TIM1_CC_IRQHandler</STRONG> (Thumb, 0 bytes, Stack size 0 bytes, startup_stm32f10x_md.o(.text))
<BR>[Address Reference Count : 1]<UL><LI> startup_stm32f10x_md.o(RESET)
</UL>
<P><STRONG><a name="[24]"></a>TIM1_TRG_COM_IRQHandler</STRONG> (Thumb, 0 bytes, Stack size 0 bytes, startup_stm32f10x_md.o(.text))
<BR>[Address Reference Count : 1]<UL><LI> startup_stm32f10x_md.o(RESET)
</UL>
<P><STRONG><a name="[23]"></a>TIM1_UP_IRQHandler</STRONG> (Thumb, 0 bytes, Stack size 0 bytes, startup_stm32f10x_md.o(.text))
<BR>[Address Reference Count : 1]<UL><LI> startup_stm32f10x_md.o(RESET)
</UL>
<P><STRONG><a name="[27]"></a>TIM3_IRQHandler</STRONG> (Thumb, 0 bytes, Stack size 0 bytes, startup_stm32f10x_md.o(.text))
<BR>[Address Reference Count : 1]<UL><LI> startup_stm32f10x_md.o(RESET)
</UL>
<P><STRONG><a name="[28]"></a>TIM4_IRQHandler</STRONG> (Thumb, 0 bytes, Stack size 0 bytes, startup_stm32f10x_md.o(.text))
<BR>[Address Reference Count : 1]<UL><LI> startup_stm32f10x_md.o(RESET)
</UL>
<P><STRONG><a name="[2f]"></a>USART1_IRQHandler</STRONG> (Thumb, 0 bytes, Stack size 0 bytes, startup_stm32f10x_md.o(.text))
<BR>[Address Reference Count : 1]<UL><LI> startup_stm32f10x_md.o(RESET)
</UL>
<P><STRONG><a name="[30]"></a>USART2_IRQHandler</STRONG> (Thumb, 0 bytes, Stack size 0 bytes, startup_stm32f10x_md.o(.text))
<BR>[Address Reference Count : 1]<UL><LI> startup_stm32f10x_md.o(RESET)
</UL>
<P><STRONG><a name="[31]"></a>USART3_IRQHandler</STRONG> (Thumb, 0 bytes, Stack size 0 bytes, startup_stm32f10x_md.o(.text))
<BR>[Address Reference Count : 1]<UL><LI> startup_stm32f10x_md.o(RESET)
</UL>
<P><STRONG><a name="[34]"></a>USBWakeUp_IRQHandler</STRONG> (Thumb, 0 bytes, Stack size 0 bytes, startup_stm32f10x_md.o(.text))
<BR>[Address Reference Count : 1]<UL><LI> startup_stm32f10x_md.o(RESET)
</UL>
<P><STRONG><a name="[1d]"></a>USB_HP_CAN1_TX_IRQHandler</STRONG> (Thumb, 0 bytes, Stack size 0 bytes, startup_stm32f10x_md.o(.text))
<BR>[Address Reference Count : 1]<UL><LI> startup_stm32f10x_md.o(RESET)
</UL>
<P><STRONG><a name="[1e]"></a>USB_LP_CAN1_RX0_IRQHandler</STRONG> (Thumb, 0 bytes, Stack size 0 bytes, startup_stm32f10x_md.o(.text))
<BR>[Address Reference Count : 1]<UL><LI> startup_stm32f10x_md.o(RESET)
</UL>
<P><STRONG><a name="[a]"></a>WWDG_IRQHandler</STRONG> (Thumb, 0 bytes, Stack size 0 bytes, startup_stm32f10x_md.o(.text))
<BR>[Address Reference Count : 1]<UL><LI> startup_stm32f10x_md.o(RESET)
</UL>
<P><STRONG><a name="[49]"></a>__aeabi_memset</STRONG> (Thumb, 14 bytes, Stack size 0 bytes, memseta.o(.text), UNUSED)
<BR><BR>[Called By]<UL><LI><a href="#[4a]">&gt;&gt;</a>&nbsp;&nbsp;&nbsp;_memset$wrapper
<LI><a href="#[48]">&gt;&gt;</a>&nbsp;&nbsp;&nbsp;__aeabi_memclr
</UL>

<P><STRONG><a name="[ef]"></a>__aeabi_memset4</STRONG> (Thumb, 0 bytes, Stack size 0 bytes, memseta.o(.text), UNUSED)

<P><STRONG><a name="[f0]"></a>__aeabi_memset8</STRONG> (Thumb, 0 bytes, Stack size 0 bytes, memseta.o(.text), UNUSED)

<P><STRONG><a name="[48]"></a>__aeabi_memclr</STRONG> (Thumb, 4 bytes, Stack size 0 bytes, memseta.o(.text), UNUSED)
<BR><BR>[Calls]<UL><LI><a href="#[49]">&gt;&gt;</a>&nbsp;&nbsp;&nbsp;__aeabi_memset
</UL>

<P><STRONG><a name="[ac]"></a>__aeabi_memclr4</STRONG> (Thumb, 0 bytes, Stack size 0 bytes, memseta.o(.text))
<BR><BR>[Called By]<UL><LI><a href="#[a7]">&gt;&gt;</a>&nbsp;&nbsp;&nbsp;sc_clear
</UL>

<P><STRONG><a name="[f1]"></a>__aeabi_memclr8</STRONG> (Thumb, 0 bytes, Stack size 0 bytes, memseta.o(.text), UNUSED)

<P><STRONG><a name="[4a]"></a>_memset$wrapper</STRONG> (Thumb, 18 bytes, Stack size 8 bytes, memseta.o(.text), UNUSED)
<BR><BR>[Calls]<UL><LI><a href="#[49]">&gt;&gt;</a>&nbsp;&nbsp;&nbsp;__aeabi_memset
</UL>

<P><STRONG><a name="[de]"></a>__ARM_scalbnf</STRONG> (Thumb, 24 bytes, Stack size 0 bytes, fscalb.o(.text))
<BR><BR>[Called By]<UL><LI><a href="#[dd]">&gt;&gt;</a>&nbsp;&nbsp;&nbsp;sc_set_transform_scale
<LI><a href="#[dc]">&gt;&gt;</a>&nbsp;&nbsp;&nbsp;sc_set_transform_center
</UL>

<P><STRONG><a name="[f2]"></a>scalbnf</STRONG> (Thumb, 0 bytes, Stack size 0 bytes, fscalb.o(.text), UNUSED)

<P><STRONG><a name="[4b]"></a>__aeabi_dadd</STRONG> (Thumb, 322 bytes, Stack size 48 bytes, dadd.o(.text))
<BR><BR>[Stack]<UL><LI>Max Depth = 88<LI>Call Chain = __aeabi_dadd &rArr; _double_epilogue &rArr; _double_round
</UL>
<BR>[Calls]<UL><LI><a href="#[4d]">&gt;&gt;</a>&nbsp;&nbsp;&nbsp;__aeabi_lasr
<LI><a href="#[4c]">&gt;&gt;</a>&nbsp;&nbsp;&nbsp;__aeabi_llsl
<LI><a href="#[4f]">&gt;&gt;</a>&nbsp;&nbsp;&nbsp;_double_round
<LI><a href="#[4e]">&gt;&gt;</a>&nbsp;&nbsp;&nbsp;_double_epilogue
</UL>
<BR>[Called By]<UL><LI><a href="#[a8]">&gt;&gt;</a>&nbsp;&nbsp;&nbsp;sc_demo_obj_watch
<LI><a href="#[50]">&gt;&gt;</a>&nbsp;&nbsp;&nbsp;__aeabi_dsub
<LI><a href="#[51]">&gt;&gt;</a>&nbsp;&nbsp;&nbsp;__aeabi_drsub
</UL>

<P><STRONG><a name="[50]"></a>__aeabi_dsub</STRONG> (Thumb, 6 bytes, Stack size 0 bytes, dadd.o(.text))
<BR><BR>[Stack]<UL><LI>Max Depth = 88<LI>Call Chain = __aeabi_dsub &rArr; __aeabi_dadd &rArr; _double_epilogue &rArr; _double_round
</UL>
<BR>[Calls]<UL><LI><a href="#[4b]">&gt;&gt;</a>&nbsp;&nbsp;&nbsp;__aeabi_dadd
</UL>
<BR>[Called By]<UL><LI><a href="#[a8]">&gt;&gt;</a>&nbsp;&nbsp;&nbsp;sc_demo_obj_watch
</UL>

<P><STRONG><a name="[51]"></a>__aeabi_drsub</STRONG> (Thumb, 6 bytes, Stack size 0 bytes, dadd.o(.text), UNUSED)
<BR><BR>[Calls]<UL><LI><a href="#[4b]">&gt;&gt;</a>&nbsp;&nbsp;&nbsp;__aeabi_dadd
</UL>

<P><STRONG><a name="[52]"></a>__aeabi_i2f</STRONG> (Thumb, 18 bytes, Stack size 0 bytes, fflti.o(.text))
<BR><BR>[Stack]<UL><LI>Max Depth = 4<LI>Call Chain = __aeabi_i2f &rArr; _float_epilogue
</UL>
<BR>[Calls]<UL><LI><a href="#[53]">&gt;&gt;</a>&nbsp;&nbsp;&nbsp;_float_epilogue
</UL>
<BR>[Called By]<UL><LI><a href="#[a8]">&gt;&gt;</a>&nbsp;&nbsp;&nbsp;sc_demo_obj_watch
</UL>

<P><STRONG><a name="[54]"></a>__aeabi_ui2d</STRONG> (Thumb, 26 bytes, Stack size 16 bytes, dfltui.o(.text))
<BR><BR>[Stack]<UL><LI>Max Depth = 56<LI>Call Chain = __aeabi_ui2d &rArr; _double_epilogue &rArr; _double_round
</UL>
<BR>[Calls]<UL><LI><a href="#[4e]">&gt;&gt;</a>&nbsp;&nbsp;&nbsp;_double_epilogue
</UL>
<BR>[Called By]<UL><LI><a href="#[a8]">&gt;&gt;</a>&nbsp;&nbsp;&nbsp;sc_demo_obj_watch
</UL>

<P><STRONG><a name="[df]"></a>__aeabi_f2iz</STRONG> (Thumb, 50 bytes, Stack size 0 bytes, ffixi.o(.text))
<BR><BR>[Called By]<UL><LI><a href="#[dd]">&gt;&gt;</a>&nbsp;&nbsp;&nbsp;sc_set_transform_scale
<LI><a href="#[dc]">&gt;&gt;</a>&nbsp;&nbsp;&nbsp;sc_set_transform_center
</UL>

<P><STRONG><a name="[55]"></a>__aeabi_d2f</STRONG> (Thumb, 56 bytes, Stack size 8 bytes, d2f.o(.text))
<BR><BR>[Stack]<UL><LI>Max Depth = 8<LI>Call Chain = __aeabi_d2f
</UL>
<BR>[Calls]<UL><LI><a href="#[56]">&gt;&gt;</a>&nbsp;&nbsp;&nbsp;_float_round
</UL>
<BR>[Called By]<UL><LI><a href="#[a8]">&gt;&gt;</a>&nbsp;&nbsp;&nbsp;sc_demo_obj_watch
</UL>

<P><STRONG><a name="[4c]"></a>__aeabi_llsl</STRONG> (Thumb, 30 bytes, Stack size 0 bytes, llshl.o(.text))
<BR><BR>[Called By]<UL><LI><a href="#[4b]">&gt;&gt;</a>&nbsp;&nbsp;&nbsp;__aeabi_dadd
<LI><a href="#[4e]">&gt;&gt;</a>&nbsp;&nbsp;&nbsp;_double_epilogue
</UL>

<P><STRONG><a name="[f3]"></a>_ll_shift_l</STRONG> (Thumb, 0 bytes, Stack size 0 bytes, llshl.o(.text), UNUSED)

<P><STRONG><a name="[4d]"></a>__aeabi_lasr</STRONG> (Thumb, 36 bytes, Stack size 0 bytes, llsshr.o(.text))
<BR><BR>[Called By]<UL><LI><a href="#[4b]">&gt;&gt;</a>&nbsp;&nbsp;&nbsp;__aeabi_dadd
</UL>

<P><STRONG><a name="[f4]"></a>_ll_sshift_r</STRONG> (Thumb, 0 bytes, Stack size 0 bytes, llsshr.o(.text), UNUSED)

<P><STRONG><a name="[f5]"></a>__I$use$fp</STRONG> (Thumb, 0 bytes, Stack size 0 bytes, iusefp.o(.text), UNUSED)

<P><STRONG><a name="[56]"></a>_float_round</STRONG> (Thumb, 18 bytes, Stack size 0 bytes, fepilogue.o(.text))
<BR><BR>[Called By]<UL><LI><a href="#[55]">&gt;&gt;</a>&nbsp;&nbsp;&nbsp;__aeabi_d2f
</UL>

<P><STRONG><a name="[53]"></a>_float_epilogue</STRONG> (Thumb, 92 bytes, Stack size 4 bytes, fepilogue.o(.text))
<BR><BR>[Stack]<UL><LI>Max Depth = 4<LI>Call Chain = _float_epilogue
</UL>
<BR>[Called By]<UL><LI><a href="#[52]">&gt;&gt;</a>&nbsp;&nbsp;&nbsp;__aeabi_i2f
</UL>

<P><STRONG><a name="[4f]"></a>_double_round</STRONG> (Thumb, 30 bytes, Stack size 8 bytes, depilogue.o(.text))
<BR><BR>[Stack]<UL><LI>Max Depth = 8<LI>Call Chain = _double_round
</UL>
<BR>[Called By]<UL><LI><a href="#[4b]">&gt;&gt;</a>&nbsp;&nbsp;&nbsp;__aeabi_dadd
<LI><a href="#[4e]">&gt;&gt;</a>&nbsp;&nbsp;&nbsp;_double_epilogue
</UL>

<P><STRONG><a name="[4e]"></a>_double_epilogue</STRONG> (Thumb, 156 bytes, Stack size 32 bytes, depilogue.o(.text))
<BR><BR>[Stack]<UL><LI>Max Depth = 40<LI>Call Chain = _double_epilogue &rArr; _double_round
</UL>
<BR>[Calls]<UL><LI><a href="#[57]">&gt;&gt;</a>&nbsp;&nbsp;&nbsp;__aeabi_llsr
<LI><a href="#[4c]">&gt;&gt;</a>&nbsp;&nbsp;&nbsp;__aeabi_llsl
<LI><a href="#[4f]">&gt;&gt;</a>&nbsp;&nbsp;&nbsp;_double_round
</UL>
<BR>[Called By]<UL><LI><a href="#[54]">&gt;&gt;</a>&nbsp;&nbsp;&nbsp;__aeabi_ui2d
<LI><a href="#[4b]">&gt;&gt;</a>&nbsp;&nbsp;&nbsp;__aeabi_dadd
</UL>

<P><STRONG><a name="[47]"></a>__scatterload</STRONG> (Thumb, 28 bytes, Stack size 0 bytes, init.o(.text))
<BR><BR>[Calls]<UL><LI><a href="#[58]">&gt;&gt;</a>&nbsp;&nbsp;&nbsp;__main_after_scatterload
</UL>
<BR>[Called By]<UL><LI><a href="#[46]">&gt;&gt;</a>&nbsp;&nbsp;&nbsp;_main_scatterload
</UL>

<P><STRONG><a name="[f6]"></a>__scatterload_rt2</STRONG> (Thumb, 0 bytes, Stack size 0 bytes, init.o(.text), UNUSED)

<P><STRONG><a name="[57]"></a>__aeabi_llsr</STRONG> (Thumb, 32 bytes, Stack size 0 bytes, llushr.o(.text))
<BR><BR>[Called By]<UL><LI><a href="#[4e]">&gt;&gt;</a>&nbsp;&nbsp;&nbsp;_double_epilogue
</UL>

<P><STRONG><a name="[f7]"></a>_ll_ushift_r</STRONG> (Thumb, 0 bytes, Stack size 0 bytes, llushr.o(.text), UNUSED)

<P><STRONG><a name="[4]"></a>BusFault_Handler</STRONG> (Thumb, 2 bytes, Stack size 0 bytes, stm32f10x_it.o(i.BusFault_Handler))
<BR><BR>[Calls]<UL><LI><a href="#[4]">&gt;&gt;</a>&nbsp;&nbsp;&nbsp;BusFault_Handler
</UL>
<BR>[Called By]<UL><LI><a href="#[4]">&gt;&gt;</a>&nbsp;&nbsp;&nbsp;BusFault_Handler
</UL>
<BR>[Address Reference Count : 1]<UL><LI> startup_stm32f10x_md.o(RESET)
</UL>
<P><STRONG><a name="[19]"></a>DMA1_Channel5_IRQHandler</STRONG> (Thumb, 66 bytes, Stack size 8 bytes, bsp_common.o(i.DMA1_Channel5_IRQHandler))
<BR><BR>[Stack]<UL><LI>Max Depth = 8<LI>Call Chain = DMA1_Channel5_IRQHandler
</UL>
<BR>[Calls]<UL><LI><a href="#[5e]">&gt;&gt;</a>&nbsp;&nbsp;&nbsp;GPIO_SetBits
<LI><a href="#[5a]">&gt;&gt;</a>&nbsp;&nbsp;&nbsp;DMA_GetITStatus
<LI><a href="#[5d]">&gt;&gt;</a>&nbsp;&nbsp;&nbsp;DMA_Cmd
<LI><a href="#[5b]">&gt;&gt;</a>&nbsp;&nbsp;&nbsp;DMA_ClearITPendingBit
<LI><a href="#[5c]">&gt;&gt;</a>&nbsp;&nbsp;&nbsp;SPI_I2S_GetFlagStatus
</UL>
<BR>[Address Reference Count : 1]<UL><LI> startup_stm32f10x_md.o(RESET)
</UL>
<P><STRONG><a name="[5b]"></a>DMA_ClearITPendingBit</STRONG> (Thumb, 16 bytes, Stack size 0 bytes, stm32f10x_dma.o(i.DMA_ClearITPendingBit))
<BR><BR>[Called By]<UL><LI><a href="#[19]">&gt;&gt;</a>&nbsp;&nbsp;&nbsp;DMA1_Channel5_IRQHandler
</UL>

<P><STRONG><a name="[5d]"></a>DMA_Cmd</STRONG> (Thumb, 22 bytes, Stack size 0 bytes, stm32f10x_dma.o(i.DMA_Cmd))
<BR><BR>[Called By]<UL><LI><a href="#[79]">&gt;&gt;</a>&nbsp;&nbsp;&nbsp;SPI2_init
<LI><a href="#[77]">&gt;&gt;</a>&nbsp;&nbsp;&nbsp;SPI2_Send_DMA_buf
<LI><a href="#[19]">&gt;&gt;</a>&nbsp;&nbsp;&nbsp;DMA1_Channel5_IRQHandler
</UL>

<P><STRONG><a name="[5a]"></a>DMA_GetITStatus</STRONG> (Thumb, 24 bytes, Stack size 0 bytes, stm32f10x_dma.o(i.DMA_GetITStatus))
<BR><BR>[Called By]<UL><LI><a href="#[19]">&gt;&gt;</a>&nbsp;&nbsp;&nbsp;DMA1_Channel5_IRQHandler
</UL>

<P><STRONG><a name="[86]"></a>DMA_ITConfig</STRONG> (Thumb, 16 bytes, Stack size 0 bytes, stm32f10x_dma.o(i.DMA_ITConfig))
<BR><BR>[Called By]<UL><LI><a href="#[79]">&gt;&gt;</a>&nbsp;&nbsp;&nbsp;SPI2_init
</UL>

<P><STRONG><a name="[85]"></a>DMA_Init</STRONG> (Thumb, 58 bytes, Stack size 12 bytes, stm32f10x_dma.o(i.DMA_Init))
<BR><BR>[Stack]<UL><LI>Max Depth = 12<LI>Call Chain = DMA_Init
</UL>
<BR>[Called By]<UL><LI><a href="#[79]">&gt;&gt;</a>&nbsp;&nbsp;&nbsp;SPI2_init
</UL>

<P><STRONG><a name="[7]"></a>DebugMon_Handler</STRONG> (Thumb, 2 bytes, Stack size 0 bytes, stm32f10x_it.o(i.DebugMon_Handler))
<BR>[Address Reference Count : 1]<UL><LI> startup_stm32f10x_md.o(RESET)
</UL>
<P><STRONG><a name="[5f]"></a>ENC_GetDir</STRONG> (Thumb, 58 bytes, Stack size 16 bytes, encoder.o(i.ENC_GetDir))
<BR><BR>[Stack]<UL><LI>Max Depth = 24<LI>Call Chain = ENC_GetDir &rArr; gpio_read
</UL>
<BR>[Calls]<UL><LI><a href="#[60]">&gt;&gt;</a>&nbsp;&nbsp;&nbsp;gpio_read
</UL>
<BR>[Called By]<UL><LI><a href="#[26]">&gt;&gt;</a>&nbsp;&nbsp;&nbsp;TIM2_IRQHandler
</UL>

<P><STRONG><a name="[61]"></a>ENC_Init</STRONG> (Thumb, 32 bytes, Stack size 8 bytes, encoder.o(i.ENC_Init))
<BR><BR>[Stack]<UL><LI>Max Depth = 28<LI>Call Chain = ENC_Init &rArr; GPIO_Init
</UL>
<BR>[Calls]<UL><LI><a href="#[63]">&gt;&gt;</a>&nbsp;&nbsp;&nbsp;GPIO_Init
<LI><a href="#[62]">&gt;&gt;</a>&nbsp;&nbsp;&nbsp;RCC_APB2PeriphClockCmd
</UL>
<BR>[Called By]<UL><LI><a href="#[35]">&gt;&gt;</a>&nbsp;&nbsp;&nbsp;main
</UL>

<P><STRONG><a name="[e0]"></a>EventQueue_Pop</STRONG> (Thumb, 50 bytes, Stack size 8 bytes, sc_event_task.o(i.EventQueue_Pop))
<BR><BR>[Stack]<UL><LI>Max Depth = 8<LI>Call Chain = EventQueue_Pop
</UL>
<BR>[Called By]<UL><LI><a href="#[a9]">&gt;&gt;</a>&nbsp;&nbsp;&nbsp;sc_task_loop
</UL>

<P><STRONG><a name="[da]"></a>EventQueue_Push</STRONG> (Thumb, 82 bytes, Stack size 8 bytes, sc_event_task.o(i.EventQueue_Push), UNUSED)
<BR><BR>[Called By]<UL><LI><a href="#[d9]">&gt;&gt;</a>&nbsp;&nbsp;&nbsp;sc_send_event_mask
</UL>

<P><STRONG><a name="[68]"></a>FLASH_PrefetchBufferCmd</STRONG> (Thumb, 18 bytes, Stack size 0 bytes, stm32f10x_flash.o(i.FLASH_PrefetchBufferCmd))
<BR><BR>[Called By]<UL><LI><a href="#[64]">&gt;&gt;</a>&nbsp;&nbsp;&nbsp;HSE_Init
</UL>

<P><STRONG><a name="[69]"></a>FLASH_SetLatency</STRONG> (Thumb, 14 bytes, Stack size 0 bytes, stm32f10x_flash.o(i.FLASH_SetLatency))
<BR><BR>[Called By]<UL><LI><a href="#[64]">&gt;&gt;</a>&nbsp;&nbsp;&nbsp;HSE_Init
</UL>

<P><STRONG><a name="[63]"></a>GPIO_Init</STRONG> (Thumb, 156 bytes, Stack size 20 bytes, stm32f10x_gpio.o(i.GPIO_Init))
<BR><BR>[Stack]<UL><LI>Max Depth = 20<LI>Call Chain = GPIO_Init
</UL>
<BR>[Called By]<UL><LI><a href="#[79]">&gt;&gt;</a>&nbsp;&nbsp;&nbsp;SPI2_init
<LI><a href="#[9b]">&gt;&gt;</a>&nbsp;&nbsp;&nbsp;flash_port_init
<LI><a href="#[78]">&gt;&gt;</a>&nbsp;&nbsp;&nbsp;LCD_Init
<LI><a href="#[61]">&gt;&gt;</a>&nbsp;&nbsp;&nbsp;ENC_Init
</UL>

<P><STRONG><a name="[9c]"></a>GPIO_ReadInputDataBit</STRONG> (Thumb, 14 bytes, Stack size 0 bytes, stm32f10x_gpio.o(i.GPIO_ReadInputDataBit))
<BR><BR>[Called By]<UL><LI><a href="#[60]">&gt;&gt;</a>&nbsp;&nbsp;&nbsp;gpio_read
</UL>

<P><STRONG><a name="[76]"></a>GPIO_ResetBits</STRONG> (Thumb, 4 bytes, Stack size 0 bytes, stm32f10x_gpio.o(i.GPIO_ResetBits))
<BR><BR>[Called By]<UL><LI><a href="#[73]">&gt;&gt;</a>&nbsp;&nbsp;&nbsp;LCD_WR_REG
<LI><a href="#[7b]">&gt;&gt;</a>&nbsp;&nbsp;&nbsp;LCD_WR_DATA8
<LI><a href="#[74]">&gt;&gt;</a>&nbsp;&nbsp;&nbsp;LCD_WR_DATA
<LI><a href="#[78]">&gt;&gt;</a>&nbsp;&nbsp;&nbsp;LCD_Init
<LI><a href="#[39]">&gt;&gt;</a>&nbsp;&nbsp;&nbsp;LCD_DMA_Fill_color
</UL>

<P><STRONG><a name="[5e]"></a>GPIO_SetBits</STRONG> (Thumb, 4 bytes, Stack size 0 bytes, stm32f10x_gpio.o(i.GPIO_SetBits))
<BR><BR>[Called By]<UL><LI><a href="#[73]">&gt;&gt;</a>&nbsp;&nbsp;&nbsp;LCD_WR_REG
<LI><a href="#[7b]">&gt;&gt;</a>&nbsp;&nbsp;&nbsp;LCD_WR_DATA8
<LI><a href="#[74]">&gt;&gt;</a>&nbsp;&nbsp;&nbsp;LCD_WR_DATA
<LI><a href="#[79]">&gt;&gt;</a>&nbsp;&nbsp;&nbsp;SPI2_init
<LI><a href="#[19]">&gt;&gt;</a>&nbsp;&nbsp;&nbsp;DMA1_Channel5_IRQHandler
<LI><a href="#[78]">&gt;&gt;</a>&nbsp;&nbsp;&nbsp;LCD_Init
<LI><a href="#[39]">&gt;&gt;</a>&nbsp;&nbsp;&nbsp;LCD_DMA_Fill_color
</UL>

<P><STRONG><a name="[64]"></a>HSE_Init</STRONG> (Thumb, 96 bytes, Stack size 16 bytes, main.o(i.HSE_Init))
<BR><BR>[Stack]<UL><LI>Max Depth = 28<LI>Call Chain = HSE_Init &rArr; RCC_WaitForHSEStartUp
</UL>
<BR>[Calls]<UL><LI><a href="#[69]">&gt;&gt;</a>&nbsp;&nbsp;&nbsp;FLASH_SetLatency
<LI><a href="#[68]">&gt;&gt;</a>&nbsp;&nbsp;&nbsp;FLASH_PrefetchBufferCmd
<LI><a href="#[67]">&gt;&gt;</a>&nbsp;&nbsp;&nbsp;RCC_WaitForHSEStartUp
<LI><a href="#[70]">&gt;&gt;</a>&nbsp;&nbsp;&nbsp;RCC_SYSCLKConfig
<LI><a href="#[6d]">&gt;&gt;</a>&nbsp;&nbsp;&nbsp;RCC_PLLConfig
<LI><a href="#[6e]">&gt;&gt;</a>&nbsp;&nbsp;&nbsp;RCC_PLLCmd
<LI><a href="#[6c]">&gt;&gt;</a>&nbsp;&nbsp;&nbsp;RCC_PCLK2Config
<LI><a href="#[6b]">&gt;&gt;</a>&nbsp;&nbsp;&nbsp;RCC_PCLK1Config
<LI><a href="#[66]">&gt;&gt;</a>&nbsp;&nbsp;&nbsp;RCC_HSEConfig
<LI><a href="#[6a]">&gt;&gt;</a>&nbsp;&nbsp;&nbsp;RCC_HCLKConfig
<LI><a href="#[71]">&gt;&gt;</a>&nbsp;&nbsp;&nbsp;RCC_GetSYSCLKSource
<LI><a href="#[6f]">&gt;&gt;</a>&nbsp;&nbsp;&nbsp;RCC_GetFlagStatus
<LI><a href="#[65]">&gt;&gt;</a>&nbsp;&nbsp;&nbsp;RCC_DeInit
</UL>
<BR>[Called By]<UL><LI><a href="#[35]">&gt;&gt;</a>&nbsp;&nbsp;&nbsp;main
</UL>

<P><STRONG><a name="[2]"></a>HardFault_Handler</STRONG> (Thumb, 2 bytes, Stack size 0 bytes, stm32f10x_it.o(i.HardFault_Handler))
<BR><BR>[Calls]<UL><LI><a href="#[2]">&gt;&gt;</a>&nbsp;&nbsp;&nbsp;HardFault_Handler
</UL>
<BR>[Called By]<UL><LI><a href="#[2]">&gt;&gt;</a>&nbsp;&nbsp;&nbsp;HardFault_Handler
</UL>
<BR>[Address Reference Count : 1]<UL><LI> startup_stm32f10x_md.o(RESET)
</UL>
<P><STRONG><a name="[72]"></a>LCD_Address_Set</STRONG> (Thumb, 62 bytes, Stack size 24 bytes, lcd_spi.o(i.LCD_Address_Set))
<BR><BR>[Stack]<UL><LI>Max Depth = 56<LI>Call Chain = LCD_Address_Set &rArr; LCD_WR_REG &rArr; SPI2_Send_dat8
</UL>
<BR>[Calls]<UL><LI><a href="#[73]">&gt;&gt;</a>&nbsp;&nbsp;&nbsp;LCD_WR_REG
<LI><a href="#[74]">&gt;&gt;</a>&nbsp;&nbsp;&nbsp;LCD_WR_DATA
</UL>
<BR>[Called By]<UL><LI><a href="#[39]">&gt;&gt;</a>&nbsp;&nbsp;&nbsp;LCD_DMA_Fill_color
</UL>

<P><STRONG><a name="[39]"></a>LCD_DMA_Fill_color</STRONG> (Thumb, 78 bytes, Stack size 32 bytes, lcd_spi.o(i.LCD_DMA_Fill_color))
<BR><BR>[Stack]<UL><LI>Max Depth = 88<LI>Call Chain = LCD_DMA_Fill_color &rArr; LCD_Address_Set &rArr; LCD_WR_REG &rArr; SPI2_Send_dat8
</UL>
<BR>[Calls]<UL><LI><a href="#[5e]">&gt;&gt;</a>&nbsp;&nbsp;&nbsp;GPIO_SetBits
<LI><a href="#[76]">&gt;&gt;</a>&nbsp;&nbsp;&nbsp;GPIO_ResetBits
<LI><a href="#[72]">&gt;&gt;</a>&nbsp;&nbsp;&nbsp;LCD_Address_Set
<LI><a href="#[77]">&gt;&gt;</a>&nbsp;&nbsp;&nbsp;SPI2_Send_DMA_buf
<LI><a href="#[75]">&gt;&gt;</a>&nbsp;&nbsp;&nbsp;SPI2_WaitForDmaDone
</UL>
<BR>[Address Reference Count : 1]<UL><LI> main.o(i.main)
</UL>
<P><STRONG><a name="[78]"></a>LCD_Init</STRONG> (Thumb, 460 bytes, Stack size 16 bytes, lcd_spi.o(i.LCD_Init))
<BR><BR>[Stack]<UL><LI>Max Depth = 132<LI>Call Chain = LCD_Init &rArr; SPI2_init &rArr; GPIO_Init
</UL>
<BR>[Calls]<UL><LI><a href="#[5e]">&gt;&gt;</a>&nbsp;&nbsp;&nbsp;GPIO_SetBits
<LI><a href="#[76]">&gt;&gt;</a>&nbsp;&nbsp;&nbsp;GPIO_ResetBits
<LI><a href="#[63]">&gt;&gt;</a>&nbsp;&nbsp;&nbsp;GPIO_Init
<LI><a href="#[62]">&gt;&gt;</a>&nbsp;&nbsp;&nbsp;RCC_APB2PeriphClockCmd
<LI><a href="#[73]">&gt;&gt;</a>&nbsp;&nbsp;&nbsp;LCD_WR_REG
<LI><a href="#[7b]">&gt;&gt;</a>&nbsp;&nbsp;&nbsp;LCD_WR_DATA8
<LI><a href="#[79]">&gt;&gt;</a>&nbsp;&nbsp;&nbsp;SPI2_init
<LI><a href="#[7a]">&gt;&gt;</a>&nbsp;&nbsp;&nbsp;delay_ms
</UL>
<BR>[Called By]<UL><LI><a href="#[35]">&gt;&gt;</a>&nbsp;&nbsp;&nbsp;main
</UL>

<P><STRONG><a name="[74]"></a>LCD_WR_DATA</STRONG> (Thumb, 44 bytes, Stack size 16 bytes, lcd_spi.o(i.LCD_WR_DATA))
<BR><BR>[Stack]<UL><LI>Max Depth = 32<LI>Call Chain = LCD_WR_DATA &rArr; SPI2_Send_dat16
</UL>
<BR>[Calls]<UL><LI><a href="#[5e]">&gt;&gt;</a>&nbsp;&nbsp;&nbsp;GPIO_SetBits
<LI><a href="#[76]">&gt;&gt;</a>&nbsp;&nbsp;&nbsp;GPIO_ResetBits
<LI><a href="#[7c]">&gt;&gt;</a>&nbsp;&nbsp;&nbsp;SPI2_Send_dat16
</UL>
<BR>[Called By]<UL><LI><a href="#[72]">&gt;&gt;</a>&nbsp;&nbsp;&nbsp;LCD_Address_Set
</UL>

<P><STRONG><a name="[7b]"></a>LCD_WR_DATA8</STRONG> (Thumb, 44 bytes, Stack size 16 bytes, lcd_spi.o(i.LCD_WR_DATA8))
<BR><BR>[Stack]<UL><LI>Max Depth = 32<LI>Call Chain = LCD_WR_DATA8 &rArr; SPI2_Send_dat8
</UL>
<BR>[Calls]<UL><LI><a href="#[5e]">&gt;&gt;</a>&nbsp;&nbsp;&nbsp;GPIO_SetBits
<LI><a href="#[76]">&gt;&gt;</a>&nbsp;&nbsp;&nbsp;GPIO_ResetBits
<LI><a href="#[7d]">&gt;&gt;</a>&nbsp;&nbsp;&nbsp;SPI2_Send_dat8
</UL>
<BR>[Called By]<UL><LI><a href="#[78]">&gt;&gt;</a>&nbsp;&nbsp;&nbsp;LCD_Init
</UL>

<P><STRONG><a name="[73]"></a>LCD_WR_REG</STRONG> (Thumb, 52 bytes, Stack size 16 bytes, lcd_spi.o(i.LCD_WR_REG))
<BR><BR>[Stack]<UL><LI>Max Depth = 32<LI>Call Chain = LCD_WR_REG &rArr; SPI2_Send_dat8
</UL>
<BR>[Calls]<UL><LI><a href="#[5e]">&gt;&gt;</a>&nbsp;&nbsp;&nbsp;GPIO_SetBits
<LI><a href="#[76]">&gt;&gt;</a>&nbsp;&nbsp;&nbsp;GPIO_ResetBits
<LI><a href="#[7d]">&gt;&gt;</a>&nbsp;&nbsp;&nbsp;SPI2_Send_dat8
</UL>
<BR>[Called By]<UL><LI><a href="#[72]">&gt;&gt;</a>&nbsp;&nbsp;&nbsp;LCD_Address_Set
<LI><a href="#[78]">&gt;&gt;</a>&nbsp;&nbsp;&nbsp;LCD_Init
</UL>

<P><STRONG><a name="[3]"></a>MemManage_Handler</STRONG> (Thumb, 2 bytes, Stack size 0 bytes, stm32f10x_it.o(i.MemManage_Handler))
<BR><BR>[Calls]<UL><LI><a href="#[3]">&gt;&gt;</a>&nbsp;&nbsp;&nbsp;MemManage_Handler
</UL>
<BR>[Called By]<UL><LI><a href="#[3]">&gt;&gt;</a>&nbsp;&nbsp;&nbsp;MemManage_Handler
</UL>
<BR>[Address Reference Count : 1]<UL><LI> startup_stm32f10x_md.o(RESET)
</UL>
<P><STRONG><a name="[1]"></a>NMI_Handler</STRONG> (Thumb, 2 bytes, Stack size 0 bytes, stm32f10x_it.o(i.NMI_Handler))
<BR>[Address Reference Count : 1]<UL><LI> startup_stm32f10x_md.o(RESET)
</UL>
<P><STRONG><a name="[82]"></a>NVIC_Init</STRONG> (Thumb, 94 bytes, Stack size 12 bytes, misc.o(i.NVIC_Init))
<BR><BR>[Stack]<UL><LI>Max Depth = 12<LI>Call Chain = NVIC_Init
</UL>
<BR>[Called By]<UL><LI><a href="#[79]">&gt;&gt;</a>&nbsp;&nbsp;&nbsp;SPI2_init
<LI><a href="#[8b]">&gt;&gt;</a>&nbsp;&nbsp;&nbsp;Timer2_Init
</UL>

<P><STRONG><a name="[90]"></a>NVIC_PriorityGroupConfig</STRONG> (Thumb, 10 bytes, Stack size 0 bytes, misc.o(i.NVIC_PriorityGroupConfig))
<BR><BR>[Called By]<UL><LI><a href="#[8b]">&gt;&gt;</a>&nbsp;&nbsp;&nbsp;Timer2_Init
<LI><a href="#[35]">&gt;&gt;</a>&nbsp;&nbsp;&nbsp;main
</UL>

<P><STRONG><a name="[8]"></a>PendSV_Handler</STRONG> (Thumb, 2 bytes, Stack size 0 bytes, stm32f10x_it.o(i.PendSV_Handler))
<BR>[Address Reference Count : 1]<UL><LI> startup_stm32f10x_md.o(RESET)
</UL>
<P><STRONG><a name="[84]"></a>RCC_AHBPeriphClockCmd</STRONG> (Thumb, 18 bytes, Stack size 0 bytes, stm32f10x_rcc.o(i.RCC_AHBPeriphClockCmd))
<BR><BR>[Called By]<UL><LI><a href="#[79]">&gt;&gt;</a>&nbsp;&nbsp;&nbsp;SPI2_init
</UL>

<P><STRONG><a name="[7f]"></a>RCC_APB1PeriphClockCmd</STRONG> (Thumb, 18 bytes, Stack size 0 bytes, stm32f10x_rcc.o(i.RCC_APB1PeriphClockCmd))
<BR><BR>[Called By]<UL><LI><a href="#[79]">&gt;&gt;</a>&nbsp;&nbsp;&nbsp;SPI2_init
<LI><a href="#[9b]">&gt;&gt;</a>&nbsp;&nbsp;&nbsp;flash_port_init
<LI><a href="#[8b]">&gt;&gt;</a>&nbsp;&nbsp;&nbsp;Timer2_Init
</UL>

<P><STRONG><a name="[62]"></a>RCC_APB2PeriphClockCmd</STRONG> (Thumb, 18 bytes, Stack size 0 bytes, stm32f10x_rcc.o(i.RCC_APB2PeriphClockCmd))
<BR><BR>[Called By]<UL><LI><a href="#[79]">&gt;&gt;</a>&nbsp;&nbsp;&nbsp;SPI2_init
<LI><a href="#[9b]">&gt;&gt;</a>&nbsp;&nbsp;&nbsp;flash_port_init
<LI><a href="#[78]">&gt;&gt;</a>&nbsp;&nbsp;&nbsp;LCD_Init
<LI><a href="#[61]">&gt;&gt;</a>&nbsp;&nbsp;&nbsp;ENC_Init
</UL>

<P><STRONG><a name="[65]"></a>RCC_DeInit</STRONG> (Thumb, 50 bytes, Stack size 0 bytes, stm32f10x_rcc.o(i.RCC_DeInit))
<BR><BR>[Called By]<UL><LI><a href="#[64]">&gt;&gt;</a>&nbsp;&nbsp;&nbsp;HSE_Init
</UL>

<P><STRONG><a name="[6f]"></a>RCC_GetFlagStatus</STRONG> (Thumb, 42 bytes, Stack size 0 bytes, stm32f10x_rcc.o(i.RCC_GetFlagStatus))
<BR><BR>[Called By]<UL><LI><a href="#[67]">&gt;&gt;</a>&nbsp;&nbsp;&nbsp;RCC_WaitForHSEStartUp
<LI><a href="#[64]">&gt;&gt;</a>&nbsp;&nbsp;&nbsp;HSE_Init
</UL>

<P><STRONG><a name="[71]"></a>RCC_GetSYSCLKSource</STRONG> (Thumb, 10 bytes, Stack size 0 bytes, stm32f10x_rcc.o(i.RCC_GetSYSCLKSource))
<BR><BR>[Called By]<UL><LI><a href="#[64]">&gt;&gt;</a>&nbsp;&nbsp;&nbsp;HSE_Init
</UL>

<P><STRONG><a name="[6a]"></a>RCC_HCLKConfig</STRONG> (Thumb, 14 bytes, Stack size 0 bytes, stm32f10x_rcc.o(i.RCC_HCLKConfig))
<BR><BR>[Called By]<UL><LI><a href="#[64]">&gt;&gt;</a>&nbsp;&nbsp;&nbsp;HSE_Init
</UL>

<P><STRONG><a name="[66]"></a>RCC_HSEConfig</STRONG> (Thumb, 48 bytes, Stack size 0 bytes, stm32f10x_rcc.o(i.RCC_HSEConfig))
<BR><BR>[Called By]<UL><LI><a href="#[64]">&gt;&gt;</a>&nbsp;&nbsp;&nbsp;HSE_Init
</UL>

<P><STRONG><a name="[6b]"></a>RCC_PCLK1Config</STRONG> (Thumb, 14 bytes, Stack size 0 bytes, stm32f10x_rcc.o(i.RCC_PCLK1Config))
<BR><BR>[Called By]<UL><LI><a href="#[64]">&gt;&gt;</a>&nbsp;&nbsp;&nbsp;HSE_Init
</UL>

<P><STRONG><a name="[6c]"></a>RCC_PCLK2Config</STRONG> (Thumb, 16 bytes, Stack size 0 bytes, stm32f10x_rcc.o(i.RCC_PCLK2Config))
<BR><BR>[Called By]<UL><LI><a href="#[9b]">&gt;&gt;</a>&nbsp;&nbsp;&nbsp;flash_port_init
<LI><a href="#[64]">&gt;&gt;</a>&nbsp;&nbsp;&nbsp;HSE_Init
</UL>

<P><STRONG><a name="[6e]"></a>RCC_PLLCmd</STRONG> (Thumb, 6 bytes, Stack size 0 bytes, stm32f10x_rcc.o(i.RCC_PLLCmd))
<BR><BR>[Called By]<UL><LI><a href="#[64]">&gt;&gt;</a>&nbsp;&nbsp;&nbsp;HSE_Init
</UL>

<P><STRONG><a name="[6d]"></a>RCC_PLLConfig</STRONG> (Thumb, 16 bytes, Stack size 0 bytes, stm32f10x_rcc.o(i.RCC_PLLConfig))
<BR><BR>[Called By]<UL><LI><a href="#[64]">&gt;&gt;</a>&nbsp;&nbsp;&nbsp;HSE_Init
</UL>

<P><STRONG><a name="[70]"></a>RCC_SYSCLKConfig</STRONG> (Thumb, 14 bytes, Stack size 0 bytes, stm32f10x_rcc.o(i.RCC_SYSCLKConfig))
<BR><BR>[Called By]<UL><LI><a href="#[64]">&gt;&gt;</a>&nbsp;&nbsp;&nbsp;HSE_Init
</UL>

<P><STRONG><a name="[67]"></a>RCC_WaitForHSEStartUp</STRONG> (Thumb, 44 bytes, Stack size 12 bytes, stm32f10x_rcc.o(i.RCC_WaitForHSEStartUp))
<BR><BR>[Stack]<UL><LI>Max Depth = 12<LI>Call Chain = RCC_WaitForHSEStartUp
</UL>
<BR>[Calls]<UL><LI><a href="#[6f]">&gt;&gt;</a>&nbsp;&nbsp;&nbsp;RCC_GetFlagStatus
</UL>
<BR>[Called By]<UL><LI><a href="#[64]">&gt;&gt;</a>&nbsp;&nbsp;&nbsp;HSE_Init
</UL>

<P><STRONG><a name="[77]"></a>SPI2_Send_DMA_buf</STRONG> (Thumb, 54 bytes, Stack size 16 bytes, bsp_common.o(i.SPI2_Send_DMA_buf))
<BR><BR>[Stack]<UL><LI>Max Depth = 16<LI>Call Chain = SPI2_Send_DMA_buf
</UL>
<BR>[Calls]<UL><LI><a href="#[5d]">&gt;&gt;</a>&nbsp;&nbsp;&nbsp;DMA_Cmd
</UL>
<BR>[Called By]<UL><LI><a href="#[39]">&gt;&gt;</a>&nbsp;&nbsp;&nbsp;LCD_DMA_Fill_color
</UL>

<P><STRONG><a name="[7c]"></a>SPI2_Send_dat16</STRONG> (Thumb, 48 bytes, Stack size 16 bytes, bsp_common.o(i.SPI2_Send_dat16))
<BR><BR>[Stack]<UL><LI>Max Depth = 16<LI>Call Chain = SPI2_Send_dat16
</UL>
<BR>[Calls]<UL><LI><a href="#[7e]">&gt;&gt;</a>&nbsp;&nbsp;&nbsp;SPI_I2S_SendData
<LI><a href="#[5c]">&gt;&gt;</a>&nbsp;&nbsp;&nbsp;SPI_I2S_GetFlagStatus
</UL>
<BR>[Called By]<UL><LI><a href="#[74]">&gt;&gt;</a>&nbsp;&nbsp;&nbsp;LCD_WR_DATA
</UL>

<P><STRONG><a name="[7d]"></a>SPI2_Send_dat8</STRONG> (Thumb, 48 bytes, Stack size 16 bytes, bsp_common.o(i.SPI2_Send_dat8))
<BR><BR>[Stack]<UL><LI>Max Depth = 16<LI>Call Chain = SPI2_Send_dat8
</UL>
<BR>[Calls]<UL><LI><a href="#[7e]">&gt;&gt;</a>&nbsp;&nbsp;&nbsp;SPI_I2S_SendData
<LI><a href="#[5c]">&gt;&gt;</a>&nbsp;&nbsp;&nbsp;SPI_I2S_GetFlagStatus
</UL>
<BR>[Called By]<UL><LI><a href="#[73]">&gt;&gt;</a>&nbsp;&nbsp;&nbsp;LCD_WR_REG
<LI><a href="#[7b]">&gt;&gt;</a>&nbsp;&nbsp;&nbsp;LCD_WR_DATA8
</UL>

<P><STRONG><a name="[75]"></a>SPI2_WaitForDmaDone</STRONG> (Thumb, 20 bytes, Stack size 0 bytes, bsp_common.o(i.SPI2_WaitForDmaDone))
<BR><BR>[Called By]<UL><LI><a href="#[39]">&gt;&gt;</a>&nbsp;&nbsp;&nbsp;LCD_DMA_Fill_color
<LI><a href="#[cb]">&gt;&gt;</a>&nbsp;&nbsp;&nbsp;spiflash_read
</UL>

<P><STRONG><a name="[79]"></a>SPI2_init</STRONG> (Thumb, 278 bytes, Stack size 96 bytes, bsp_common.o(i.SPI2_init))
<BR><BR>[Stack]<UL><LI>Max Depth = 116<LI>Call Chain = SPI2_init &rArr; GPIO_Init
</UL>
<BR>[Calls]<UL><LI><a href="#[82]">&gt;&gt;</a>&nbsp;&nbsp;&nbsp;NVIC_Init
<LI><a href="#[5e]">&gt;&gt;</a>&nbsp;&nbsp;&nbsp;GPIO_SetBits
<LI><a href="#[63]">&gt;&gt;</a>&nbsp;&nbsp;&nbsp;GPIO_Init
<LI><a href="#[85]">&gt;&gt;</a>&nbsp;&nbsp;&nbsp;DMA_Init
<LI><a href="#[86]">&gt;&gt;</a>&nbsp;&nbsp;&nbsp;DMA_ITConfig
<LI><a href="#[5d]">&gt;&gt;</a>&nbsp;&nbsp;&nbsp;DMA_Cmd
<LI><a href="#[80]">&gt;&gt;</a>&nbsp;&nbsp;&nbsp;SPI_Init
<LI><a href="#[83]">&gt;&gt;</a>&nbsp;&nbsp;&nbsp;SPI_I2S_DMACmd
<LI><a href="#[81]">&gt;&gt;</a>&nbsp;&nbsp;&nbsp;SPI_Cmd
<LI><a href="#[62]">&gt;&gt;</a>&nbsp;&nbsp;&nbsp;RCC_APB2PeriphClockCmd
<LI><a href="#[7f]">&gt;&gt;</a>&nbsp;&nbsp;&nbsp;RCC_APB1PeriphClockCmd
<LI><a href="#[84]">&gt;&gt;</a>&nbsp;&nbsp;&nbsp;RCC_AHBPeriphClockCmd
</UL>
<BR>[Called By]<UL><LI><a href="#[78]">&gt;&gt;</a>&nbsp;&nbsp;&nbsp;LCD_Init
</UL>

<P><STRONG><a name="[81]"></a>SPI_Cmd</STRONG> (Thumb, 20 bytes, Stack size 0 bytes, stm32f10x_spi.o(i.SPI_Cmd))
<BR><BR>[Called By]<UL><LI><a href="#[79]">&gt;&gt;</a>&nbsp;&nbsp;&nbsp;SPI2_init
<LI><a href="#[9b]">&gt;&gt;</a>&nbsp;&nbsp;&nbsp;flash_port_init
</UL>

<P><STRONG><a name="[83]"></a>SPI_I2S_DMACmd</STRONG> (Thumb, 16 bytes, Stack size 0 bytes, stm32f10x_spi.o(i.SPI_I2S_DMACmd))
<BR><BR>[Called By]<UL><LI><a href="#[79]">&gt;&gt;</a>&nbsp;&nbsp;&nbsp;SPI2_init
</UL>

<P><STRONG><a name="[5c]"></a>SPI_I2S_GetFlagStatus</STRONG> (Thumb, 14 bytes, Stack size 0 bytes, stm32f10x_spi.o(i.SPI_I2S_GetFlagStatus))
<BR><BR>[Called By]<UL><LI><a href="#[7d]">&gt;&gt;</a>&nbsp;&nbsp;&nbsp;SPI2_Send_dat8
<LI><a href="#[7c]">&gt;&gt;</a>&nbsp;&nbsp;&nbsp;SPI2_Send_dat16
<LI><a href="#[19]">&gt;&gt;</a>&nbsp;&nbsp;&nbsp;DMA1_Channel5_IRQHandler
</UL>

<P><STRONG><a name="[7e]"></a>SPI_I2S_SendData</STRONG> (Thumb, 4 bytes, Stack size 0 bytes, stm32f10x_spi.o(i.SPI_I2S_SendData))
<BR><BR>[Called By]<UL><LI><a href="#[7d]">&gt;&gt;</a>&nbsp;&nbsp;&nbsp;SPI2_Send_dat8
<LI><a href="#[7c]">&gt;&gt;</a>&nbsp;&nbsp;&nbsp;SPI2_Send_dat16
</UL>

<P><STRONG><a name="[80]"></a>SPI_Init</STRONG> (Thumb, 56 bytes, Stack size 12 bytes, stm32f10x_spi.o(i.SPI_Init))
<BR><BR>[Stack]<UL><LI>Max Depth = 12<LI>Call Chain = SPI_Init
</UL>
<BR>[Called By]<UL><LI><a href="#[79]">&gt;&gt;</a>&nbsp;&nbsp;&nbsp;SPI2_init
<LI><a href="#[9b]">&gt;&gt;</a>&nbsp;&nbsp;&nbsp;flash_port_init
</UL>

<P><STRONG><a name="[6]"></a>SVC_Handler</STRONG> (Thumb, 2 bytes, Stack size 0 bytes, stm32f10x_it.o(i.SVC_Handler))
<BR>[Address Reference Count : 1]<UL><LI> startup_stm32f10x_md.o(RESET)
</UL>
<P><STRONG><a name="[9]"></a>SysTick_Handler</STRONG> (Thumb, 2 bytes, Stack size 0 bytes, stm32f10x_it.o(i.SysTick_Handler))
<BR>[Address Reference Count : 1]<UL><LI> startup_stm32f10x_md.o(RESET)
</UL>
<P><STRONG><a name="[36]"></a>SystemInit</STRONG> (Thumb, 64 bytes, Stack size 8 bytes, system_stm32f10x.o(i.SystemInit))
<BR><BR>[Stack]<UL><LI>Max Depth = 20<LI>Call Chain = SystemInit &rArr; SetSysClockTo72
</UL>
<BR>[Calls]<UL><LI><a href="#[87]">&gt;&gt;</a>&nbsp;&nbsp;&nbsp;SetSysClockTo72
</UL>
<BR>[Address Reference Count : 1]<UL><LI> startup_stm32f10x_md.o(.text)
</UL>
<P><STRONG><a name="[26]"></a>TIM2_IRQHandler</STRONG> (Thumb, 62 bytes, Stack size 8 bytes, main.o(i.TIM2_IRQHandler))
<BR><BR>[Stack]<UL><LI>Max Depth = 32<LI>Call Chain = TIM2_IRQHandler &rArr; ENC_GetDir &rArr; gpio_read
</UL>
<BR>[Calls]<UL><LI><a href="#[89]">&gt;&gt;</a>&nbsp;&nbsp;&nbsp;sc_send_cmd_event
<LI><a href="#[5f]">&gt;&gt;</a>&nbsp;&nbsp;&nbsp;ENC_GetDir
<LI><a href="#[88]">&gt;&gt;</a>&nbsp;&nbsp;&nbsp;TIM_GetITStatus
<LI><a href="#[8a]">&gt;&gt;</a>&nbsp;&nbsp;&nbsp;TIM_ClearITPendingBit
</UL>
<BR>[Address Reference Count : 1]<UL><LI> startup_stm32f10x_md.o(RESET)
</UL>
<P><STRONG><a name="[8e]"></a>TIM_ClearFlag</STRONG> (Thumb, 6 bytes, Stack size 0 bytes, stm32f10x_tim.o(i.TIM_ClearFlag))
<BR><BR>[Called By]<UL><LI><a href="#[8b]">&gt;&gt;</a>&nbsp;&nbsp;&nbsp;Timer2_Init
</UL>

<P><STRONG><a name="[8a]"></a>TIM_ClearITPendingBit</STRONG> (Thumb, 6 bytes, Stack size 0 bytes, stm32f10x_tim.o(i.TIM_ClearITPendingBit))
<BR><BR>[Called By]<UL><LI><a href="#[26]">&gt;&gt;</a>&nbsp;&nbsp;&nbsp;TIM2_IRQHandler
</UL>

<P><STRONG><a name="[91]"></a>TIM_Cmd</STRONG> (Thumb, 20 bytes, Stack size 0 bytes, stm32f10x_tim.o(i.TIM_Cmd))
<BR><BR>[Called By]<UL><LI><a href="#[8b]">&gt;&gt;</a>&nbsp;&nbsp;&nbsp;Timer2_Init
</UL>

<P><STRONG><a name="[88]"></a>TIM_GetITStatus</STRONG> (Thumb, 24 bytes, Stack size 0 bytes, stm32f10x_tim.o(i.TIM_GetITStatus))
<BR><BR>[Called By]<UL><LI><a href="#[26]">&gt;&gt;</a>&nbsp;&nbsp;&nbsp;TIM2_IRQHandler
</UL>

<P><STRONG><a name="[8f]"></a>TIM_ITConfig</STRONG> (Thumb, 16 bytes, Stack size 0 bytes, stm32f10x_tim.o(i.TIM_ITConfig))
<BR><BR>[Called By]<UL><LI><a href="#[8b]">&gt;&gt;</a>&nbsp;&nbsp;&nbsp;Timer2_Init
</UL>

<P><STRONG><a name="[8c]"></a>TIM_InternalClockConfig</STRONG> (Thumb, 10 bytes, Stack size 0 bytes, stm32f10x_tim.o(i.TIM_InternalClockConfig))
<BR><BR>[Called By]<UL><LI><a href="#[8b]">&gt;&gt;</a>&nbsp;&nbsp;&nbsp;Timer2_Init
</UL>

<P><STRONG><a name="[8d]"></a>TIM_TimeBaseInit</STRONG> (Thumb, 114 bytes, Stack size 12 bytes, stm32f10x_tim.o(i.TIM_TimeBaseInit))
<BR><BR>[Stack]<UL><LI>Max Depth = 12<LI>Call Chain = TIM_TimeBaseInit
</UL>
<BR>[Called By]<UL><LI><a href="#[8b]">&gt;&gt;</a>&nbsp;&nbsp;&nbsp;Timer2_Init
</UL>

<P><STRONG><a name="[8b]"></a>Timer2_Init</STRONG> (Thumb, 120 bytes, Stack size 24 bytes, bsp_common.o(i.Timer2_Init))
<BR><BR>[Stack]<UL><LI>Max Depth = 36<LI>Call Chain = Timer2_Init &rArr; NVIC_Init
</UL>
<BR>[Calls]<UL><LI><a href="#[90]">&gt;&gt;</a>&nbsp;&nbsp;&nbsp;NVIC_PriorityGroupConfig
<LI><a href="#[82]">&gt;&gt;</a>&nbsp;&nbsp;&nbsp;NVIC_Init
<LI><a href="#[7f]">&gt;&gt;</a>&nbsp;&nbsp;&nbsp;RCC_APB1PeriphClockCmd
<LI><a href="#[8d]">&gt;&gt;</a>&nbsp;&nbsp;&nbsp;TIM_TimeBaseInit
<LI><a href="#[8c]">&gt;&gt;</a>&nbsp;&nbsp;&nbsp;TIM_InternalClockConfig
<LI><a href="#[8f]">&gt;&gt;</a>&nbsp;&nbsp;&nbsp;TIM_ITConfig
<LI><a href="#[91]">&gt;&gt;</a>&nbsp;&nbsp;&nbsp;TIM_Cmd
<LI><a href="#[8e]">&gt;&gt;</a>&nbsp;&nbsp;&nbsp;TIM_ClearFlag
</UL>
<BR>[Called By]<UL><LI><a href="#[35]">&gt;&gt;</a>&nbsp;&nbsp;&nbsp;main
</UL>

<P><STRONG><a name="[5]"></a>UsageFault_Handler</STRONG> (Thumb, 2 bytes, Stack size 0 bytes, stm32f10x_it.o(i.UsageFault_Handler))
<BR><BR>[Calls]<UL><LI><a href="#[5]">&gt;&gt;</a>&nbsp;&nbsp;&nbsp;UsageFault_Handler
</UL>
<BR>[Called By]<UL><LI><a href="#[5]">&gt;&gt;</a>&nbsp;&nbsp;&nbsp;UsageFault_Handler
</UL>
<BR>[Address Reference Count : 1]<UL><LI> startup_stm32f10x_md.o(RESET)
</UL>
<P><STRONG><a name="[f8]"></a>__scatterload_copy</STRONG> (Thumb, 14 bytes, Stack size unknown bytes, handlers.o(i.__scatterload_copy), UNUSED)

<P><STRONG><a name="[f9]"></a>__scatterload_null</STRONG> (Thumb, 2 bytes, Stack size unknown bytes, handlers.o(i.__scatterload_null), UNUSED)

<P><STRONG><a name="[fa]"></a>__scatterload_zeroinit</STRONG> (Thumb, 14 bytes, Stack size unknown bytes, handlers.o(i.__scatterload_zeroinit), UNUSED)

<P><STRONG><a name="[95]"></a>_draw_Roundrect</STRONG> (Thumb, 672 bytes, Stack size 120 bytes, sc_gui.o(i._draw_Roundrect))
<BR><BR>[Stack]<UL><LI>Max Depth = 152<LI>Call Chain = _draw_Roundrect &rArr; sc_pfb_next_slice &rArr; sc_pfb_refresh
</UL>
<BR>[Calls]<UL><LI><a href="#[98]">&gt;&gt;</a>&nbsp;&nbsp;&nbsp;alphaBlend_fast
<LI><a href="#[99]">&gt;&gt;</a>&nbsp;&nbsp;&nbsp;sc_pfb_next_slice
<LI><a href="#[97]">&gt;&gt;</a>&nbsp;&nbsp;&nbsp;sc_pfb_intersection
<LI><a href="#[96]">&gt;&gt;</a>&nbsp;&nbsp;&nbsp;sc_pfb_init_slices
<LI><a href="#[92]">&gt;&gt;</a>&nbsp;&nbsp;&nbsp;alphaBlend
</UL>
<BR>[Called By]<UL><LI><a href="#[cd]">&gt;&gt;</a>&nbsp;&nbsp;&nbsp;sc_draw_Rounded_rect
</UL>

<P><STRONG><a name="[92]"></a>alphaBlend</STRONG> (Thumb, 48 bytes, Stack size 0 bytes, sc_common.o(i.alphaBlend))
<BR><BR>[Called By]<UL><LI><a href="#[98]">&gt;&gt;</a>&nbsp;&nbsp;&nbsp;alphaBlend_fast
<LI><a href="#[43]">&gt;&gt;</a>&nbsp;&nbsp;&nbsp;_Bilinear_font
<LI><a href="#[42]">&gt;&gt;</a>&nbsp;&nbsp;&nbsp;_Bilinear_Image
<LI><a href="#[cf]">&gt;&gt;</a>&nbsp;&nbsp;&nbsp;sc_draw_lv_letter
<LI><a href="#[9e]">&gt;&gt;</a>&nbsp;&nbsp;&nbsp;sc_draw_Image
<LI><a href="#[a2]">&gt;&gt;</a>&nbsp;&nbsp;&nbsp;sc_draw_Fill
<LI><a href="#[95]">&gt;&gt;</a>&nbsp;&nbsp;&nbsp;_draw_Roundrect
</UL>

<P><STRONG><a name="[7a]"></a>delay_ms</STRONG> (Thumb, 22 bytes, Stack size 4 bytes, delay.o(i.delay_ms))
<BR><BR>[Stack]<UL><LI>Max Depth = 4<LI>Call Chain = delay_ms
</UL>
<BR>[Calls]<UL><LI><a href="#[9a]">&gt;&gt;</a>&nbsp;&nbsp;&nbsp;delay_us
</UL>
<BR>[Called By]<UL><LI><a href="#[78]">&gt;&gt;</a>&nbsp;&nbsp;&nbsp;LCD_Init
</UL>

<P><STRONG><a name="[9a]"></a>delay_us</STRONG> (Thumb, 32 bytes, Stack size 0 bytes, delay.o(i.delay_us))
<BR><BR>[Called By]<UL><LI><a href="#[7a]">&gt;&gt;</a>&nbsp;&nbsp;&nbsp;delay_ms
</UL>

<P><STRONG><a name="[e4]"></a>flash_cs_clr</STRONG> (Thumb, 10 bytes, Stack size 0 bytes, stm32f103_flash_hard_stdspi_port.o(i.flash_cs_clr))
<BR><BR>[Called By]<UL><LI><a href="#[e2]">&gt;&gt;</a>&nbsp;&nbsp;&nbsp;w25qxx_reset
<LI><a href="#[e3]">&gt;&gt;</a>&nbsp;&nbsp;&nbsp;w25qxx_release_powerdown
<LI><a href="#[e1]">&gt;&gt;</a>&nbsp;&nbsp;&nbsp;w25qxx_read_data
</UL>

<P><STRONG><a name="[e7]"></a>flash_cs_set</STRONG> (Thumb, 10 bytes, Stack size 0 bytes, stm32f103_flash_hard_stdspi_port.o(i.flash_cs_set))
<BR><BR>[Called By]<UL><LI><a href="#[e2]">&gt;&gt;</a>&nbsp;&nbsp;&nbsp;w25qxx_reset
<LI><a href="#[e3]">&gt;&gt;</a>&nbsp;&nbsp;&nbsp;w25qxx_release_powerdown
<LI><a href="#[e1]">&gt;&gt;</a>&nbsp;&nbsp;&nbsp;w25qxx_read_data
</UL>

<P><STRONG><a name="[9b]"></a>flash_port_init</STRONG> (Thumb, 224 bytes, Stack size 48 bytes, stm32f103_flash_hard_stdspi_port.o(i.flash_port_init))
<BR><BR>[Stack]<UL><LI>Max Depth = 68<LI>Call Chain = flash_port_init &rArr; GPIO_Init
</UL>
<BR>[Calls]<UL><LI><a href="#[63]">&gt;&gt;</a>&nbsp;&nbsp;&nbsp;GPIO_Init
<LI><a href="#[80]">&gt;&gt;</a>&nbsp;&nbsp;&nbsp;SPI_Init
<LI><a href="#[81]">&gt;&gt;</a>&nbsp;&nbsp;&nbsp;SPI_Cmd
<LI><a href="#[6c]">&gt;&gt;</a>&nbsp;&nbsp;&nbsp;RCC_PCLK2Config
<LI><a href="#[62]">&gt;&gt;</a>&nbsp;&nbsp;&nbsp;RCC_APB2PeriphClockCmd
<LI><a href="#[7f]">&gt;&gt;</a>&nbsp;&nbsp;&nbsp;RCC_APB1PeriphClockCmd
</UL>
<BR>[Called By]<UL><LI><a href="#[35]">&gt;&gt;</a>&nbsp;&nbsp;&nbsp;main
</UL>

<P><STRONG><a name="[e8]"></a>flash_read_1Byte</STRONG> (Thumb, 30 bytes, Stack size 0 bytes, stm32f103_flash_hard_stdspi_port.o(i.flash_read_1Byte))
<BR><BR>[Called By]<UL><LI><a href="#[e3]">&gt;&gt;</a>&nbsp;&nbsp;&nbsp;w25qxx_release_powerdown
</UL>

<P><STRONG><a name="[e6]"></a>flash_read_nByte</STRONG> (Thumb, 40 bytes, Stack size 12 bytes, stm32f103_flash_hard_stdspi_port.o(i.flash_read_nByte))
<BR><BR>[Stack]<UL><LI>Max Depth = 12<LI>Call Chain = flash_read_nByte
</UL>
<BR>[Called By]<UL><LI><a href="#[e1]">&gt;&gt;</a>&nbsp;&nbsp;&nbsp;w25qxx_read_data
</UL>

<P><STRONG><a name="[e5]"></a>flash_send_1Byte</STRONG> (Thumb, 24 bytes, Stack size 0 bytes, stm32f103_flash_hard_stdspi_port.o(i.flash_send_1Byte))
<BR><BR>[Called By]<UL><LI><a href="#[e2]">&gt;&gt;</a>&nbsp;&nbsp;&nbsp;w25qxx_reset
<LI><a href="#[e3]">&gt;&gt;</a>&nbsp;&nbsp;&nbsp;w25qxx_release_powerdown
<LI><a href="#[e1]">&gt;&gt;</a>&nbsp;&nbsp;&nbsp;w25qxx_read_data
</UL>

<P><STRONG><a name="[35]"></a>main</STRONG> (Thumb, 94 bytes, Stack size 8 bytes, main.o(i.main))
<BR><BR>[Stack]<UL><LI>Max Depth = 280<LI>Call Chain = main &rArr; sc_touch_loop &rArr; sc_dirty_merge_out &rArr; _dirty_overlap_merged
</UL>
<BR>[Calls]<UL><LI><a href="#[90]">&gt;&gt;</a>&nbsp;&nbsp;&nbsp;NVIC_PriorityGroupConfig
<LI><a href="#[a5]">&gt;&gt;</a>&nbsp;&nbsp;&nbsp;w25qxx_init
<LI><a href="#[aa]">&gt;&gt;</a>&nbsp;&nbsp;&nbsp;sc_touch_loop
<LI><a href="#[a9]">&gt;&gt;</a>&nbsp;&nbsp;&nbsp;sc_task_loop
<LI><a href="#[a6]">&gt;&gt;</a>&nbsp;&nbsp;&nbsp;sc_gui_init
<LI><a href="#[a8]">&gt;&gt;</a>&nbsp;&nbsp;&nbsp;sc_demo_obj_watch
<LI><a href="#[a7]">&gt;&gt;</a>&nbsp;&nbsp;&nbsp;sc_clear
<LI><a href="#[9b]">&gt;&gt;</a>&nbsp;&nbsp;&nbsp;flash_port_init
<LI><a href="#[8b]">&gt;&gt;</a>&nbsp;&nbsp;&nbsp;Timer2_Init
<LI><a href="#[78]">&gt;&gt;</a>&nbsp;&nbsp;&nbsp;LCD_Init
<LI><a href="#[61]">&gt;&gt;</a>&nbsp;&nbsp;&nbsp;ENC_Init
<LI><a href="#[64]">&gt;&gt;</a>&nbsp;&nbsp;&nbsp;HSE_Init
</UL>
<BR>[Address Reference Count : 1]<UL><LI> entry9a.o(.ARM.Collect$$$$0000000B)
</UL>
<P><STRONG><a name="[b0]"></a>malloc</STRONG> (Thumb, 92 bytes, Stack size 20 bytes, malloc.o(i.malloc))
<BR><BR>[Stack]<UL><LI>Max Depth = 20<LI>Call Chain = malloc
</UL>
<BR>[Called By]<UL><LI><a href="#[bc]">&gt;&gt;</a>&nbsp;&nbsp;&nbsp;sc_create_srceen
<LI><a href="#[be]">&gt;&gt;</a>&nbsp;&nbsp;&nbsp;sc_create_textbox
<LI><a href="#[b9]">&gt;&gt;</a>&nbsp;&nbsp;&nbsp;sc_create_rotate
<LI><a href="#[b6]">&gt;&gt;</a>&nbsp;&nbsp;&nbsp;sc_create_label
<LI><a href="#[af]">&gt;&gt;</a>&nbsp;&nbsp;&nbsp;sc_create_Image_indexQOI
<LI><a href="#[b3]">&gt;&gt;</a>&nbsp;&nbsp;&nbsp;sc_create_canvas
</UL>

<P><STRONG><a name="[41]"></a>my_watch_cb</STRONG> (Thumb, 40 bytes, Stack size 8 bytes, sc_demo_widget.o(i.my_watch_cb))
<BR><BR>[Stack]<UL><LI>Max Depth = 112<LI>Call Chain = my_watch_cb &rArr; sc_set_Rotate_angle &rArr; sc_dirty_mark &rArr; _dirty_overlap_merged
</UL>
<BR>[Calls]<UL><LI><a href="#[ab]">&gt;&gt;</a>&nbsp;&nbsp;&nbsp;sc_set_Rotate_angle
</UL>
<BR>[Address Reference Count : 1]<UL><LI> sc_demo_widget.o(i.sc_demo_obj_watch)
</UL>
<P><STRONG><a name="[c4]"></a>sc_add_delay</STRONG> (Thumb, 38 bytes, Stack size 16 bytes, sc_event_task.o(i.sc_add_delay))
<BR><BR>[Stack]<UL><LI>Max Depth = 16<LI>Call Chain = sc_add_delay
</UL>
<BR>[Called By]<UL><LI><a href="#[a8]">&gt;&gt;</a>&nbsp;&nbsp;&nbsp;sc_demo_obj_watch
</UL>

<P><STRONG><a name="[a7]"></a>sc_clear</STRONG> (Thumb, 72 bytes, Stack size 56 bytes, sc_gui.o(i.sc_clear))
<BR><BR>[Stack]<UL><LI>Max Depth = 88<LI>Call Chain = sc_clear &rArr; sc_pfb_next_slice &rArr; sc_pfb_refresh
</UL>
<BR>[Calls]<UL><LI><a href="#[99]">&gt;&gt;</a>&nbsp;&nbsp;&nbsp;sc_pfb_next_slice
<LI><a href="#[96]">&gt;&gt;</a>&nbsp;&nbsp;&nbsp;sc_pfb_init_slices
<LI><a href="#[ac]">&gt;&gt;</a>&nbsp;&nbsp;&nbsp;__aeabi_memclr4
</UL>
<BR>[Called By]<UL><LI><a href="#[35]">&gt;&gt;</a>&nbsp;&nbsp;&nbsp;main
<LI><a href="#[a2]">&gt;&gt;</a>&nbsp;&nbsp;&nbsp;sc_draw_Fill
</UL>

<P><STRONG><a name="[ad]"></a>sc_cos</STRONG> (Thumb, 8 bytes, Stack size 0 bytes, sc_common.o(i.sc_cos))
<BR><BR>[Calls]<UL><LI><a href="#[ae]">&gt;&gt;</a>&nbsp;&nbsp;&nbsp;sc_sin
</UL>
<BR>[Called By]<UL><LI><a href="#[db]">&gt;&gt;</a>&nbsp;&nbsp;&nbsp;sc_set_transform_angle
</UL>

<P><STRONG><a name="[af]"></a>sc_create_Image_indexQOI</STRONG> (Thumb, 78 bytes, Stack size 32 bytes, sc_image.o(i.sc_create_Image_indexQOI))
<BR><BR>[Stack]<UL><LI>Max Depth = 192<LI>Call Chain = sc_create_Image_indexQOI &rArr; sc_obj_set_geometry &rArr; sc_obj_dirty &rArr; sc_dirty_mark &rArr; _dirty_overlap_merged
</UL>
<BR>[Calls]<UL><LI><a href="#[b1]">&gt;&gt;</a>&nbsp;&nbsp;&nbsp;sc_obj_init
<LI><a href="#[b2]">&gt;&gt;</a>&nbsp;&nbsp;&nbsp;sc_obj_set_geometry
<LI><a href="#[b0]">&gt;&gt;</a>&nbsp;&nbsp;&nbsp;malloc
</UL>
<BR>[Called By]<UL><LI><a href="#[a8]">&gt;&gt;</a>&nbsp;&nbsp;&nbsp;sc_demo_obj_watch
</UL>

<P><STRONG><a name="[b3]"></a>sc_create_canvas</STRONG> (Thumb, 148 bytes, Stack size 48 bytes, sc_canvas.o(i.sc_create_canvas))
<BR><BR>[Stack]<UL><LI>Max Depth = 176<LI>Call Chain = sc_create_canvas &rArr; sc_obj_dirty &rArr; sc_dirty_mark &rArr; _dirty_overlap_merged
</UL>
<BR>[Calls]<UL><LI><a href="#[b1]">&gt;&gt;</a>&nbsp;&nbsp;&nbsp;sc_obj_init
<LI><a href="#[b4]">&gt;&gt;</a>&nbsp;&nbsp;&nbsp;sc_rcet_align
<LI><a href="#[b5]">&gt;&gt;</a>&nbsp;&nbsp;&nbsp;sc_obj_dirty
<LI><a href="#[b0]">&gt;&gt;</a>&nbsp;&nbsp;&nbsp;malloc
</UL>
<BR>[Called By]<UL><LI><a href="#[a8]">&gt;&gt;</a>&nbsp;&nbsp;&nbsp;sc_demo_obj_watch
</UL>

<P><STRONG><a name="[b6]"></a>sc_create_label</STRONG> (Thumb, 146 bytes, Stack size 40 bytes, sc_label.o(i.sc_create_label))
<BR><BR>[Stack]<UL><LI>Max Depth = 168<LI>Call Chain = sc_create_label &rArr; sc_obj_dirty &rArr; sc_dirty_mark &rArr; _dirty_overlap_merged
</UL>
<BR>[Calls]<UL><LI><a href="#[b1]">&gt;&gt;</a>&nbsp;&nbsp;&nbsp;sc_obj_init
<LI><a href="#[b8]">&gt;&gt;</a>&nbsp;&nbsp;&nbsp;sc_init_Label
<LI><a href="#[b4]">&gt;&gt;</a>&nbsp;&nbsp;&nbsp;sc_rcet_align
<LI><a href="#[b7]">&gt;&gt;</a>&nbsp;&nbsp;&nbsp;sc_obj_dirty
<LI><a href="#[b0]">&gt;&gt;</a>&nbsp;&nbsp;&nbsp;malloc
</UL>
<BR>[Called By]<UL><LI><a href="#[a8]">&gt;&gt;</a>&nbsp;&nbsp;&nbsp;sc_demo_obj_watch
</UL>

<P><STRONG><a name="[b9]"></a>sc_create_rotate</STRONG> (Thumb, 82 bytes, Stack size 32 bytes, sc_rotate.o(i.sc_create_rotate))
<BR><BR>[Stack]<UL><LI>Max Depth = 60<LI>Call Chain = sc_create_rotate &rArr; sc_obj_init &rArr; sc_obj_list_add
</UL>
<BR>[Calls]<UL><LI><a href="#[b1]">&gt;&gt;</a>&nbsp;&nbsp;&nbsp;sc_obj_init
<LI><a href="#[ba]">&gt;&gt;</a>&nbsp;&nbsp;&nbsp;sc_init_transform
<LI><a href="#[bb]">&gt;&gt;</a>&nbsp;&nbsp;&nbsp;sc_set_Rotate_center
<LI><a href="#[b0]">&gt;&gt;</a>&nbsp;&nbsp;&nbsp;malloc
</UL>
<BR>[Called By]<UL><LI><a href="#[a8]">&gt;&gt;</a>&nbsp;&nbsp;&nbsp;sc_demo_obj_watch
</UL>

<P><STRONG><a name="[bc]"></a>sc_create_srceen</STRONG> (Thumb, 70 bytes, Stack size 40 bytes, sc_widget.o(i.sc_create_srceen))
<BR><BR>[Stack]<UL><LI>Max Depth = 200<LI>Call Chain = sc_create_srceen &rArr; sc_obj_set_geometry &rArr; sc_obj_dirty &rArr; sc_dirty_mark &rArr; _dirty_overlap_merged
</UL>
<BR>[Calls]<UL><LI><a href="#[bd]">&gt;&gt;</a>&nbsp;&nbsp;&nbsp;sc_obj_set_geometry
<LI><a href="#[b1]">&gt;&gt;</a>&nbsp;&nbsp;&nbsp;sc_obj_init
<LI><a href="#[b0]">&gt;&gt;</a>&nbsp;&nbsp;&nbsp;malloc
</UL>
<BR>[Called By]<UL><LI><a href="#[a8]">&gt;&gt;</a>&nbsp;&nbsp;&nbsp;sc_demo_obj_watch
</UL>

<P><STRONG><a name="[be]"></a>sc_create_textbox</STRONG> (Thumb, 148 bytes, Stack size 40 bytes, sc_text_box.o(i.sc_create_textbox))
<BR><BR>[Stack]<UL><LI>Max Depth = 168<LI>Call Chain = sc_create_textbox &rArr; sc_obj_dirty &rArr; sc_dirty_mark &rArr; _dirty_overlap_merged
</UL>
<BR>[Calls]<UL><LI><a href="#[b1]">&gt;&gt;</a>&nbsp;&nbsp;&nbsp;sc_obj_init
<LI><a href="#[b4]">&gt;&gt;</a>&nbsp;&nbsp;&nbsp;sc_rcet_align
<LI><a href="#[c0]">&gt;&gt;</a>&nbsp;&nbsp;&nbsp;sc_init_Textbox
<LI><a href="#[bf]">&gt;&gt;</a>&nbsp;&nbsp;&nbsp;sc_obj_dirty
<LI><a href="#[b0]">&gt;&gt;</a>&nbsp;&nbsp;&nbsp;malloc
</UL>
<BR>[Called By]<UL><LI><a href="#[a8]">&gt;&gt;</a>&nbsp;&nbsp;&nbsp;sc_demo_obj_watch
</UL>

<P><STRONG><a name="[a8]"></a>sc_demo_obj_watch</STRONG> (Thumb, 482 bytes, Stack size 56 bytes, sc_demo_widget.o(i.sc_demo_obj_watch))
<BR><BR>[Stack]<UL><LI>Max Depth = 256<LI>Call Chain = sc_demo_obj_watch &rArr; sc_create_srceen &rArr; sc_obj_set_geometry &rArr; sc_obj_dirty &rArr; sc_dirty_mark &rArr; _dirty_overlap_merged
</UL>
<BR>[Calls]<UL><LI><a href="#[c4]">&gt;&gt;</a>&nbsp;&nbsp;&nbsp;sc_add_delay
<LI><a href="#[bc]">&gt;&gt;</a>&nbsp;&nbsp;&nbsp;sc_create_srceen
<LI><a href="#[54]">&gt;&gt;</a>&nbsp;&nbsp;&nbsp;__aeabi_ui2d
<LI><a href="#[50]">&gt;&gt;</a>&nbsp;&nbsp;&nbsp;__aeabi_dsub
<LI><a href="#[4b]">&gt;&gt;</a>&nbsp;&nbsp;&nbsp;__aeabi_dadd
<LI><a href="#[55]">&gt;&gt;</a>&nbsp;&nbsp;&nbsp;__aeabi_d2f
<LI><a href="#[c2]">&gt;&gt;</a>&nbsp;&nbsp;&nbsp;sc_set_color
<LI><a href="#[52]">&gt;&gt;</a>&nbsp;&nbsp;&nbsp;__aeabi_i2f
<LI><a href="#[be]">&gt;&gt;</a>&nbsp;&nbsp;&nbsp;sc_create_textbox
<LI><a href="#[c3]">&gt;&gt;</a>&nbsp;&nbsp;&nbsp;sc_set_Rotate_scale
<LI><a href="#[ab]">&gt;&gt;</a>&nbsp;&nbsp;&nbsp;sc_set_Rotate_angle
<LI><a href="#[b9]">&gt;&gt;</a>&nbsp;&nbsp;&nbsp;sc_create_rotate
<LI><a href="#[c1]">&gt;&gt;</a>&nbsp;&nbsp;&nbsp;sc_set_label_text
<LI><a href="#[b6]">&gt;&gt;</a>&nbsp;&nbsp;&nbsp;sc_create_label
<LI><a href="#[af]">&gt;&gt;</a>&nbsp;&nbsp;&nbsp;sc_create_Image_indexQOI
<LI><a href="#[b3]">&gt;&gt;</a>&nbsp;&nbsp;&nbsp;sc_create_canvas
</UL>
<BR>[Called By]<UL><LI><a href="#[35]">&gt;&gt;</a>&nbsp;&nbsp;&nbsp;main
</UL>

<P><STRONG><a name="[c5]"></a>sc_dirty_mark</STRONG> (Thumb, 166 bytes, Stack size 32 bytes, sc_common.o(i.sc_dirty_mark))
<BR><BR>[Stack]<UL><LI>Max Depth = 88<LI>Call Chain = sc_dirty_mark &rArr; _dirty_overlap_merged
</UL>
<BR>[Calls]<UL><LI><a href="#[c6]">&gt;&gt;</a>&nbsp;&nbsp;&nbsp;sc_rect_intersect_to_area
<LI><a href="#[c7]">&gt;&gt;</a>&nbsp;&nbsp;&nbsp;sc_area_intersect_to_parent
<LI><a href="#[c8]">&gt;&gt;</a>&nbsp;&nbsp;&nbsp;_dirty_overlap_merged
</UL>
<BR>[Called By]<UL><LI><a href="#[d3]">&gt;&gt;</a>&nbsp;&nbsp;&nbsp;sc_obj_dirty
<LI><a href="#[d5]">&gt;&gt;</a>&nbsp;&nbsp;&nbsp;sc_obj_dirty
<LI><a href="#[bf]">&gt;&gt;</a>&nbsp;&nbsp;&nbsp;sc_obj_dirty
<LI><a href="#[ab]">&gt;&gt;</a>&nbsp;&nbsp;&nbsp;sc_set_Rotate_angle
<LI><a href="#[b7]">&gt;&gt;</a>&nbsp;&nbsp;&nbsp;sc_obj_dirty
<LI><a href="#[d4]">&gt;&gt;</a>&nbsp;&nbsp;&nbsp;sc_obj_dirty
<LI><a href="#[b5]">&gt;&gt;</a>&nbsp;&nbsp;&nbsp;sc_obj_dirty
</UL>

<P><STRONG><a name="[c9]"></a>sc_dirty_merge_out</STRONG> (Thumb, 130 bytes, Stack size 48 bytes, sc_common.o(i.sc_dirty_merge_out))
<BR><BR>[Stack]<UL><LI>Max Depth = 104<LI>Call Chain = sc_dirty_merge_out &rArr; _dirty_overlap_merged
</UL>
<BR>[Calls]<UL><LI><a href="#[c8]">&gt;&gt;</a>&nbsp;&nbsp;&nbsp;_dirty_overlap_merged
</UL>
<BR>[Called By]<UL><LI><a href="#[aa]">&gt;&gt;</a>&nbsp;&nbsp;&nbsp;sc_touch_loop
</UL>

<P><STRONG><a name="[a2]"></a>sc_draw_Fill</STRONG> (Thumb, 164 bytes, Stack size 56 bytes, sc_gui.o(i.sc_draw_Fill))
<BR><BR>[Stack]<UL><LI>Max Depth = 144<LI>Call Chain = sc_draw_Fill &rArr; sc_clear &rArr; sc_pfb_next_slice &rArr; sc_pfb_refresh
</UL>
<BR>[Calls]<UL><LI><a href="#[98]">&gt;&gt;</a>&nbsp;&nbsp;&nbsp;alphaBlend_fast
<LI><a href="#[97]">&gt;&gt;</a>&nbsp;&nbsp;&nbsp;sc_pfb_intersection
<LI><a href="#[92]">&gt;&gt;</a>&nbsp;&nbsp;&nbsp;alphaBlend
<LI><a href="#[a7]">&gt;&gt;</a>&nbsp;&nbsp;&nbsp;sc_clear
</UL>
<BR>[Called By]<UL><LI><a href="#[3f]">&gt;&gt;</a>&nbsp;&nbsp;&nbsp;handle_event_rect
<LI><a href="#[ca]">&gt;&gt;</a>&nbsp;&nbsp;&nbsp;sc_draw_Frame
</UL>

<P><STRONG><a name="[ca]"></a>sc_draw_Frame</STRONG> (Thumb, 124 bytes, Stack size 64 bytes, sc_gui.o(i.sc_draw_Frame))
<BR><BR>[Stack]<UL><LI>Max Depth = 208<LI>Call Chain = sc_draw_Frame &rArr; sc_draw_Fill &rArr; sc_clear &rArr; sc_pfb_next_slice &rArr; sc_pfb_refresh
</UL>
<BR>[Calls]<UL><LI><a href="#[a2]">&gt;&gt;</a>&nbsp;&nbsp;&nbsp;sc_draw_Fill
</UL>
<BR>[Called By]<UL><LI><a href="#[a1]">&gt;&gt;</a>&nbsp;&nbsp;&nbsp;sc_draw_Label
</UL>

<P><STRONG><a name="[9e]"></a>sc_draw_Image</STRONG> (Thumb, 292 bytes, Stack size 96 bytes, sc_gui.o(i.sc_draw_Image))
<BR><BR>[Stack]<UL><LI>Max Depth = 140<LI>Call Chain = sc_draw_Image &rArr; spiflash_read &rArr; w25qxx_read_data &rArr; flash_read_nByte
</UL>
<BR>[Calls]<UL><LI><a href="#[99]">&gt;&gt;</a>&nbsp;&nbsp;&nbsp;sc_pfb_next_slice
<LI><a href="#[97]">&gt;&gt;</a>&nbsp;&nbsp;&nbsp;sc_pfb_intersection
<LI><a href="#[96]">&gt;&gt;</a>&nbsp;&nbsp;&nbsp;sc_pfb_init_slices
<LI><a href="#[92]">&gt;&gt;</a>&nbsp;&nbsp;&nbsp;alphaBlend
<LI><a href="#[cb]">&gt;&gt;</a>&nbsp;&nbsp;&nbsp;spiflash_read
</UL>
<BR>[Called By]<UL><LI><a href="#[3b]">&gt;&gt;</a>&nbsp;&nbsp;&nbsp;handle_event_image
</UL>

<P><STRONG><a name="[a0]"></a>sc_draw_Image_indexQOI</STRONG> (Thumb, 514 bytes, Stack size 120 bytes, sc_indexqoi.o(i.sc_draw_Image_indexQOI))
<BR><BR>[Stack]<UL><LI>Max Depth = 152<LI>Call Chain = sc_draw_Image_indexQOI &rArr; sc_pfb_next_slice &rArr; sc_pfb_refresh
</UL>
<BR>[Calls]<UL><LI><a href="#[99]">&gt;&gt;</a>&nbsp;&nbsp;&nbsp;sc_pfb_next_slice
<LI><a href="#[97]">&gt;&gt;</a>&nbsp;&nbsp;&nbsp;sc_pfb_intersection
<LI><a href="#[96]">&gt;&gt;</a>&nbsp;&nbsp;&nbsp;sc_pfb_init_slices
</UL>
<BR>[Called By]<UL><LI><a href="#[3b]">&gt;&gt;</a>&nbsp;&nbsp;&nbsp;handle_event_image
</UL>

<P><STRONG><a name="[9f]"></a>sc_draw_Image_zip</STRONG> (Thumb, 428 bytes, Stack size 72 bytes, sc_gui.o(i.sc_draw_Image_zip))
<BR><BR>[Stack]<UL><LI>Max Depth = 116<LI>Call Chain = sc_draw_Image_zip &rArr; spiflash_read &rArr; w25qxx_read_data &rArr; flash_read_nByte
</UL>
<BR>[Calls]<UL><LI><a href="#[99]">&gt;&gt;</a>&nbsp;&nbsp;&nbsp;sc_pfb_next_slice
<LI><a href="#[97]">&gt;&gt;</a>&nbsp;&nbsp;&nbsp;sc_pfb_intersection
<LI><a href="#[96]">&gt;&gt;</a>&nbsp;&nbsp;&nbsp;sc_pfb_init_slices
<LI><a href="#[cb]">&gt;&gt;</a>&nbsp;&nbsp;&nbsp;spiflash_read
</UL>
<BR>[Called By]<UL><LI><a href="#[3b]">&gt;&gt;</a>&nbsp;&nbsp;&nbsp;handle_event_image
</UL>

<P><STRONG><a name="[a1]"></a>sc_draw_Label</STRONG> (Thumb, 208 bytes, Stack size 96 bytes, sc_lvgl_font.o(i.sc_draw_Label))
<BR><BR>[Stack]<UL><LI>Max Depth = 464<LI>Call Chain = sc_draw_Label &rArr; sc_draw_str &rArr; sc_draw_lv_letter &rArr; sc_pfb_next_slice &rArr; sc_pfb_refresh
</UL>
<BR>[Calls]<UL><LI><a href="#[99]">&gt;&gt;</a>&nbsp;&nbsp;&nbsp;sc_pfb_next_slice
<LI><a href="#[97]">&gt;&gt;</a>&nbsp;&nbsp;&nbsp;sc_pfb_intersection
<LI><a href="#[96]">&gt;&gt;</a>&nbsp;&nbsp;&nbsp;sc_pfb_init_slices
<LI><a href="#[cc]">&gt;&gt;</a>&nbsp;&nbsp;&nbsp;sc_draw_str
<LI><a href="#[ca]">&gt;&gt;</a>&nbsp;&nbsp;&nbsp;sc_draw_Frame
</UL>
<BR>[Called By]<UL><LI><a href="#[3d]">&gt;&gt;</a>&nbsp;&nbsp;&nbsp;handle_event_label
</UL>

<P><STRONG><a name="[cd]"></a>sc_draw_Rounded_rect</STRONG> (Thumb, 48 bytes, Stack size 48 bytes, sc_gui.o(i.sc_draw_Rounded_rect))
<BR><BR>[Stack]<UL><LI>Max Depth = 200<LI>Call Chain = sc_draw_Rounded_rect &rArr; _draw_Roundrect &rArr; sc_pfb_next_slice &rArr; sc_pfb_refresh
</UL>
<BR>[Calls]<UL><LI><a href="#[95]">&gt;&gt;</a>&nbsp;&nbsp;&nbsp;_draw_Roundrect
</UL>
<BR>[Called By]<UL><LI><a href="#[ce]">&gt;&gt;</a>&nbsp;&nbsp;&nbsp;sc_text_box_bar
<LI><a href="#[a4]">&gt;&gt;</a>&nbsp;&nbsp;&nbsp;sc_draw_Textbox
</UL>

<P><STRONG><a name="[a4]"></a>sc_draw_Textbox</STRONG> (Thumb, 318 bytes, Stack size 112 bytes, sc_gui.o(i.sc_draw_Textbox))
<BR><BR>[Stack]<UL><LI>Max Depth = 480<LI>Call Chain = sc_draw_Textbox &rArr; sc_draw_str &rArr; sc_draw_lv_letter &rArr; sc_pfb_next_slice &rArr; sc_pfb_refresh
</UL>
<BR>[Calls]<UL><LI><a href="#[ce]">&gt;&gt;</a>&nbsp;&nbsp;&nbsp;sc_text_box_bar
<LI><a href="#[99]">&gt;&gt;</a>&nbsp;&nbsp;&nbsp;sc_pfb_next_slice
<LI><a href="#[97]">&gt;&gt;</a>&nbsp;&nbsp;&nbsp;sc_pfb_intersection
<LI><a href="#[96]">&gt;&gt;</a>&nbsp;&nbsp;&nbsp;sc_pfb_init_slices
<LI><a href="#[b4]">&gt;&gt;</a>&nbsp;&nbsp;&nbsp;sc_rcet_align
<LI><a href="#[cc]">&gt;&gt;</a>&nbsp;&nbsp;&nbsp;sc_draw_str
<LI><a href="#[cd]">&gt;&gt;</a>&nbsp;&nbsp;&nbsp;sc_draw_Rounded_rect
</UL>
<BR>[Called By]<UL><LI><a href="#[40]">&gt;&gt;</a>&nbsp;&nbsp;&nbsp;handle_event_textbox
</UL>

<P><STRONG><a name="[cf]"></a>sc_draw_lv_letter</STRONG> (Thumb, 540 bytes, Stack size 96 bytes, sc_lvgl_font.o(i.sc_draw_lv_letter))
<BR><BR>[Stack]<UL><LI>Max Depth = 128<LI>Call Chain = sc_draw_lv_letter &rArr; sc_pfb_next_slice &rArr; sc_pfb_refresh
</UL>
<BR>[Calls]<UL><LI><a href="#[99]">&gt;&gt;</a>&nbsp;&nbsp;&nbsp;sc_pfb_next_slice
<LI><a href="#[97]">&gt;&gt;</a>&nbsp;&nbsp;&nbsp;sc_pfb_intersection
<LI><a href="#[96]">&gt;&gt;</a>&nbsp;&nbsp;&nbsp;sc_pfb_init_slices
<LI><a href="#[92]">&gt;&gt;</a>&nbsp;&nbsp;&nbsp;alphaBlend
</UL>
<BR>[Called By]<UL><LI><a href="#[cc]">&gt;&gt;</a>&nbsp;&nbsp;&nbsp;sc_draw_str
</UL>

<P><STRONG><a name="[cc]"></a>sc_draw_str</STRONG> (Thumb, 302 bytes, Stack size 240 bytes, sc_lvgl_font.o(i.sc_draw_str))
<BR><BR>[Stack]<UL><LI>Max Depth = 368<LI>Call Chain = sc_draw_str &rArr; sc_draw_lv_letter &rArr; sc_pfb_next_slice &rArr; sc_pfb_refresh
</UL>
<BR>[Calls]<UL><LI><a href="#[d0]">&gt;&gt;</a>&nbsp;&nbsp;&nbsp;sc_get_line_width
<LI><a href="#[cf]">&gt;&gt;</a>&nbsp;&nbsp;&nbsp;sc_draw_lv_letter
<LI><a href="#[b4]">&gt;&gt;</a>&nbsp;&nbsp;&nbsp;sc_rcet_align
</UL>
<BR>[Called By]<UL><LI><a href="#[a1]">&gt;&gt;</a>&nbsp;&nbsp;&nbsp;sc_draw_Label
<LI><a href="#[a4]">&gt;&gt;</a>&nbsp;&nbsp;&nbsp;sc_draw_Textbox
</UL>

<P><STRONG><a name="[a3]"></a>sc_draw_transform</STRONG> (Thumb, 366 bytes, Stack size 128 bytes, sc_transform.o(i.sc_draw_transform))
<BR><BR>[Stack]<UL><LI>Max Depth = 160<LI>Call Chain = sc_draw_transform &rArr; sc_pfb_next_slice &rArr; sc_pfb_refresh
</UL>
<BR>[Calls]<UL><LI><a href="#[99]">&gt;&gt;</a>&nbsp;&nbsp;&nbsp;sc_pfb_next_slice
<LI><a href="#[97]">&gt;&gt;</a>&nbsp;&nbsp;&nbsp;sc_pfb_intersection
<LI><a href="#[96]">&gt;&gt;</a>&nbsp;&nbsp;&nbsp;sc_pfb_init_slices
<LI><a href="#[d1]">&gt;&gt;</a>&nbsp;&nbsp;&nbsp;sc_rect_to_area
</UL>
<BR>[Called By]<UL><LI><a href="#[3e]">&gt;&gt;</a>&nbsp;&nbsp;&nbsp;handle_event_rotate
</UL>

<P><STRONG><a name="[d0]"></a>sc_get_line_width</STRONG> (Thumb, 190 bytes, Stack size 72 bytes, sc_lvgl_font.o(i.sc_get_line_width))
<BR><BR>[Stack]<UL><LI>Max Depth = 88<LI>Call Chain = sc_get_line_width &rArr; lv_txt_utf8_next
</UL>
<BR>[Calls]<UL><LI><a href="#[d2]">&gt;&gt;</a>&nbsp;&nbsp;&nbsp;lv_txt_utf8_next
</UL>
<BR>[Called By]<UL><LI><a href="#[cc]">&gt;&gt;</a>&nbsp;&nbsp;&nbsp;sc_draw_str
</UL>

<P><STRONG><a name="[a6]"></a>sc_gui_init</STRONG> (Thumb, 44 bytes, Stack size 20 bytes, sc_gui.o(i.sc_gui_init))
<BR><BR>[Stack]<UL><LI>Max Depth = 20<LI>Call Chain = sc_gui_init
</UL>
<BR>[Called By]<UL><LI><a href="#[35]">&gt;&gt;</a>&nbsp;&nbsp;&nbsp;main
</UL>

<P><STRONG><a name="[b8]"></a>sc_init_Label</STRONG> (Thumb, 26 bytes, Stack size 12 bytes, sc_lvgl_font.o(i.sc_init_Label))
<BR><BR>[Stack]<UL><LI>Max Depth = 12<LI>Call Chain = sc_init_Label
</UL>
<BR>[Called By]<UL><LI><a href="#[b6]">&gt;&gt;</a>&nbsp;&nbsp;&nbsp;sc_create_label
</UL>

<P><STRONG><a name="[c0]"></a>sc_init_Textbox</STRONG> (Thumb, 32 bytes, Stack size 8 bytes, sc_gui.o(i.sc_init_Textbox))
<BR><BR>[Stack]<UL><LI>Max Depth = 8<LI>Call Chain = sc_init_Textbox
</UL>
<BR>[Called By]<UL><LI><a href="#[be]">&gt;&gt;</a>&nbsp;&nbsp;&nbsp;sc_create_textbox
</UL>

<P><STRONG><a name="[ba]"></a>sc_init_transform</STRONG> (Thumb, 32 bytes, Stack size 0 bytes, sc_transform.o(i.sc_init_transform))
<BR><BR>[Called By]<UL><LI><a href="#[b9]">&gt;&gt;</a>&nbsp;&nbsp;&nbsp;sc_create_rotate
</UL>

<P><STRONG><a name="[b1]"></a>sc_obj_init</STRONG> (Thumb, 56 bytes, Stack size 8 bytes, sc_obj_1.o(i.sc_obj_init))
<BR><BR>[Stack]<UL><LI>Max Depth = 28<LI>Call Chain = sc_obj_init &rArr; sc_obj_list_add
</UL>
<BR>[Calls]<UL><LI><a href="#[d6]">&gt;&gt;</a>&nbsp;&nbsp;&nbsp;sc_obj_list_add
</UL>
<BR>[Called By]<UL><LI><a href="#[bc]">&gt;&gt;</a>&nbsp;&nbsp;&nbsp;sc_create_srceen
<LI><a href="#[be]">&gt;&gt;</a>&nbsp;&nbsp;&nbsp;sc_create_textbox
<LI><a href="#[b9]">&gt;&gt;</a>&nbsp;&nbsp;&nbsp;sc_create_rotate
<LI><a href="#[b6]">&gt;&gt;</a>&nbsp;&nbsp;&nbsp;sc_create_label
<LI><a href="#[af]">&gt;&gt;</a>&nbsp;&nbsp;&nbsp;sc_create_Image_indexQOI
<LI><a href="#[b3]">&gt;&gt;</a>&nbsp;&nbsp;&nbsp;sc_create_canvas
</UL>

<P><STRONG><a name="[96]"></a>sc_pfb_init_slices</STRONG> (Thumb, 112 bytes, Stack size 16 bytes, sc_common.o(i.sc_pfb_init_slices))
<BR><BR>[Stack]<UL><LI>Max Depth = 24<LI>Call Chain = sc_pfb_init_slices &rArr; sc_pfb_memset
</UL>
<BR>[Calls]<UL><LI><a href="#[d7]">&gt;&gt;</a>&nbsp;&nbsp;&nbsp;sc_pfb_memset
</UL>
<BR>[Called By]<UL><LI><a href="#[aa]">&gt;&gt;</a>&nbsp;&nbsp;&nbsp;sc_touch_loop
<LI><a href="#[a7]">&gt;&gt;</a>&nbsp;&nbsp;&nbsp;sc_clear
<LI><a href="#[a0]">&gt;&gt;</a>&nbsp;&nbsp;&nbsp;sc_draw_Image_indexQOI
<LI><a href="#[a3]">&gt;&gt;</a>&nbsp;&nbsp;&nbsp;sc_draw_transform
<LI><a href="#[cf]">&gt;&gt;</a>&nbsp;&nbsp;&nbsp;sc_draw_lv_letter
<LI><a href="#[a1]">&gt;&gt;</a>&nbsp;&nbsp;&nbsp;sc_draw_Label
<LI><a href="#[a4]">&gt;&gt;</a>&nbsp;&nbsp;&nbsp;sc_draw_Textbox
<LI><a href="#[9f]">&gt;&gt;</a>&nbsp;&nbsp;&nbsp;sc_draw_Image_zip
<LI><a href="#[9e]">&gt;&gt;</a>&nbsp;&nbsp;&nbsp;sc_draw_Image
<LI><a href="#[95]">&gt;&gt;</a>&nbsp;&nbsp;&nbsp;_draw_Roundrect
</UL>

<P><STRONG><a name="[97]"></a>sc_pfb_intersection</STRONG> (Thumb, 114 bytes, Stack size 16 bytes, sc_common.o(i.sc_pfb_intersection))
<BR><BR>[Stack]<UL><LI>Max Depth = 28<LI>Call Chain = sc_pfb_intersection &rArr; sc_area_intersect_to_parent
</UL>
<BR>[Calls]<UL><LI><a href="#[c7]">&gt;&gt;</a>&nbsp;&nbsp;&nbsp;sc_area_intersect_to_parent
</UL>
<BR>[Called By]<UL><LI><a href="#[a0]">&gt;&gt;</a>&nbsp;&nbsp;&nbsp;sc_draw_Image_indexQOI
<LI><a href="#[a3]">&gt;&gt;</a>&nbsp;&nbsp;&nbsp;sc_draw_transform
<LI><a href="#[cf]">&gt;&gt;</a>&nbsp;&nbsp;&nbsp;sc_draw_lv_letter
<LI><a href="#[a1]">&gt;&gt;</a>&nbsp;&nbsp;&nbsp;sc_draw_Label
<LI><a href="#[a4]">&gt;&gt;</a>&nbsp;&nbsp;&nbsp;sc_draw_Textbox
<LI><a href="#[9f]">&gt;&gt;</a>&nbsp;&nbsp;&nbsp;sc_draw_Image_zip
<LI><a href="#[9e]">&gt;&gt;</a>&nbsp;&nbsp;&nbsp;sc_draw_Image
<LI><a href="#[a2]">&gt;&gt;</a>&nbsp;&nbsp;&nbsp;sc_draw_Fill
<LI><a href="#[95]">&gt;&gt;</a>&nbsp;&nbsp;&nbsp;_draw_Roundrect
</UL>

<P><STRONG><a name="[99]"></a>sc_pfb_next_slice</STRONG> (Thumb, 64 bytes, Stack size 16 bytes, sc_common.o(i.sc_pfb_next_slice))
<BR><BR>[Stack]<UL><LI>Max Depth = 32<LI>Call Chain = sc_pfb_next_slice &rArr; sc_pfb_refresh
</UL>
<BR>[Calls]<UL><LI><a href="#[d8]">&gt;&gt;</a>&nbsp;&nbsp;&nbsp;sc_pfb_refresh
<LI><a href="#[d7]">&gt;&gt;</a>&nbsp;&nbsp;&nbsp;sc_pfb_memset
</UL>
<BR>[Called By]<UL><LI><a href="#[aa]">&gt;&gt;</a>&nbsp;&nbsp;&nbsp;sc_touch_loop
<LI><a href="#[a7]">&gt;&gt;</a>&nbsp;&nbsp;&nbsp;sc_clear
<LI><a href="#[a0]">&gt;&gt;</a>&nbsp;&nbsp;&nbsp;sc_draw_Image_indexQOI
<LI><a href="#[a3]">&gt;&gt;</a>&nbsp;&nbsp;&nbsp;sc_draw_transform
<LI><a href="#[cf]">&gt;&gt;</a>&nbsp;&nbsp;&nbsp;sc_draw_lv_letter
<LI><a href="#[a1]">&gt;&gt;</a>&nbsp;&nbsp;&nbsp;sc_draw_Label
<LI><a href="#[a4]">&gt;&gt;</a>&nbsp;&nbsp;&nbsp;sc_draw_Textbox
<LI><a href="#[9f]">&gt;&gt;</a>&nbsp;&nbsp;&nbsp;sc_draw_Image_zip
<LI><a href="#[9e]">&gt;&gt;</a>&nbsp;&nbsp;&nbsp;sc_draw_Image
<LI><a href="#[95]">&gt;&gt;</a>&nbsp;&nbsp;&nbsp;_draw_Roundrect
</UL>

[...]
</UL>
<BR>[Calls]<UL><LI><a href="#[df]">&gt;&gt;</a>&nbsp;&nbsp;&nbsp;__aeabi_f2iz
<LI><a href="#[de]">&gt;&gt;</a>&nbsp;&nbsp;&nbsp;__ARM_scalbnf
</UL>
<BR>[Called By]<UL><LI><a href="#[bb]">&gt;&gt;</a>&nbsp;&nbsp;&nbsp;sc_set_Rotate_center
</UL>

<P><STRONG><a name="[dd]"></a>sc_set_transform_scale</STRONG> (Thumb, 54 bytes, Stack size 16 bytes, sc_transform.o(i.sc_set_transform_scale))
<BR><BR>[Stack]<UL><LI>Max Depth = 16<LI>Call Chain = sc_set_transform_scale
</UL>
<BR>[Calls]<UL><LI><a href="#[df]">&gt;&gt;</a>&nbsp;&nbsp;&nbsp;__aeabi_f2iz
<LI><a href="#[de]">&gt;&gt;</a>&nbsp;&nbsp;&nbsp;__ARM_scalbnf
</UL>
<BR>[Called By]<UL><LI><a href="#[c3]">&gt;&gt;</a>&nbsp;&nbsp;&nbsp;sc_set_Rotate_scale
</UL>

<P><STRONG><a name="[ae]"></a>sc_sin</STRONG> (Thumb, 76 bytes, Stack size 0 bytes, sc_common.o(i.sc_sin))
<BR><BR>[Called By]<UL><LI><a href="#[ad]">&gt;&gt;</a>&nbsp;&nbsp;&nbsp;sc_cos
<LI><a href="#[db]">&gt;&gt;</a>&nbsp;&nbsp;&nbsp;sc_set_transform_angle
</UL>

<P><STRONG><a name="[a9]"></a>sc_task_loop</STRONG> (Thumb, 190 bytes, Stack size 40 bytes, sc_event_task.o(i.sc_task_loop))
<BR><BR>[Stack]<UL><LI>Max Depth = 48<LI>Call Chain = sc_task_loop &rArr; EventQueue_Pop
</UL>
<BR>[Calls]<UL><LI><a href="#[e0]">&gt;&gt;</a>&nbsp;&nbsp;&nbsp;EventQueue_Pop
</UL>
<BR>[Called By]<UL><LI><a href="#[35]">&gt;&gt;</a>&nbsp;&nbsp;&nbsp;main
</UL>

<P><STRONG><a name="[3a]"></a>sc_touch_event</STRONG> (Thumb, 244 bytes, Stack size 24 bytes, sc_obj_1.o(i.sc_touch_event))
<BR><BR>[Stack]<UL><LI>Max Depth = 24<LI>Call Chain = sc_touch_event
</UL>
<BR>[Address Reference Count : 1]<UL><LI> main.o(i.main)
</UL>
<P><STRONG><a name="[aa]"></a>sc_touch_loop</STRONG> (Thumb, 294 bytes, Stack size 168 bytes, sc_obj_1.o(i.sc_touch_loop))
<BR><BR>[Stack]<UL><LI>Max Depth = 272<LI>Call Chain = sc_touch_loop &rArr; sc_dirty_merge_out &rArr; _dirty_overlap_merged
</UL>
<BR>[Calls]<UL><LI><a href="#[c9]">&gt;&gt;</a>&nbsp;&nbsp;&nbsp;sc_dirty_merge_out
<LI><a href="#[99]">&gt;&gt;</a>&nbsp;&nbsp;&nbsp;sc_pfb_next_slice
<LI><a href="#[96]">&gt;&gt;</a>&nbsp;&nbsp;&nbsp;sc_pfb_init_slices
</UL>
<BR>[Called By]<UL><LI><a href="#[35]">&gt;&gt;</a>&nbsp;&nbsp;&nbsp;main
</UL>

<P><STRONG><a name="[cb]"></a>spiflash_read</STRONG> (Thumb, 26 bytes, Stack size 16 bytes, main.o(i.spiflash_read))
<BR><BR>[Stack]<UL><LI>Max Depth = 44<LI>Call Chain = spiflash_read &rArr; w25qxx_read_data &rArr; flash_read_nByte
</UL>
<BR>[Calls]<UL><LI><a href="#[e1]">&gt;&gt;</a>&nbsp;&nbsp;&nbsp;w25qxx_read_data
<LI><a href="#[75]">&gt;&gt;</a>&nbsp;&nbsp;&nbsp;SPI2_WaitForDmaDone
</UL>
<BR>[Called By]<UL><LI><a href="#[9f]">&gt;&gt;</a>&nbsp;&nbsp;&nbsp;sc_draw_Image_zip
<LI><a href="#[9e]">&gt;&gt;</a>&nbsp;&nbsp;&nbsp;sc_draw_Image
</UL>

<P><STRONG><a name="[a5]"></a>w25qxx_init</STRONG> (Thumb, 16 bytes, Stack size 8 bytes, w25qxx.o(i.w25qxx_init))
<BR><BR>[Stack]<UL><LI>Max Depth = 16<LI>Call Chain = w25qxx_init &rArr; w25qxx_reset
</UL>
<BR>[Calls]<UL><LI><a href="#[e2]">&gt;&gt;</a>&nbsp;&nbsp;&nbsp;w25qxx_reset
<LI><a href="#[e3]">&gt;&gt;</a>&nbsp;&nbsp;&nbsp;w25qxx_release_powerdown
</UL>
<BR>[Called By]<UL><LI><a href="#[35]">&gt;&gt;</a>&nbsp;&nbsp;&nbsp;main
</UL>

<P><STRONG><a name="[e1]"></a>w25qxx_read_data</STRONG> (Thumb, 56 bytes, Stack size 16 bytes, w25qxx.o(i.w25qxx_read_data))
<BR><BR>[Stack]<UL><LI>Max Depth = 28<LI>Call Chain = w25qxx_read_data &rArr; flash_read_nByte
</UL>
<BR>[Calls]<UL><LI><a href="#[e5]">&gt;&gt;</a>&nbsp;&nbsp;&nbsp;flash_send_1Byte
<LI><a href="#[e6]">&gt;&gt;</a>&nbsp;&nbsp;&nbsp;flash_read_nByte
<LI><a href="#[e7]">&gt;&gt;</a>&nbsp;&nbsp;&nbsp;flash_cs_set
<LI><a href="#[e4]">&gt;&gt;</a>&nbsp;&nbsp;&nbsp;flash_cs_clr
</UL>
<BR>[Called By]<UL><LI><a href="#[cb]">&gt;&gt;</a>&nbsp;&nbsp;&nbsp;spiflash_read
</UL>

<P><STRONG><a name="[e3]"></a>w25qxx_release_powerdown</STRONG> (Thumb, 38 bytes, Stack size 8 bytes, w25qxx.o(i.w25qxx_release_powerdown))
<BR><BR>[Stack]<UL><LI>Max Depth = 8<LI>Call Chain = w25qxx_release_powerdown
</UL>
<BR>[Calls]<UL><LI><a href="#[e5]">&gt;&gt;</a>&nbsp;&nbsp;&nbsp;flash_send_1Byte
<LI><a href="#[e8]">&gt;&gt;</a>&nbsp;&nbsp;&nbsp;flash_read_1Byte
<LI><a href="#[e7]">&gt;&gt;</a>&nbsp;&nbsp;&nbsp;flash_cs_set
<LI><a href="#[e4]">&gt;&gt;</a>&nbsp;&nbsp;&nbsp;flash_cs_clr
</UL>
<BR>[Called By]<UL><LI><a href="#[a5]">&gt;&gt;</a>&nbsp;&nbsp;&nbsp;w25qxx_init
</UL>

<P><STRONG><a name="[e2]"></a>w25qxx_reset</STRONG> (Thumb, 26 bytes, Stack size 8 bytes, w25qxx.o(i.w25qxx_reset))
<BR><BR>[Stack]<UL><LI>Max Depth = 8<LI>Call Chain = w25qxx_reset
</UL>
<BR>[Calls]<UL><LI><a href="#[e5]">&gt;&gt;</a>&nbsp;&nbsp;&nbsp;flash_send_1Byte
<LI><a href="#[e7]">&gt;&gt;</a>&nbsp;&nbsp;&nbsp;flash_cs_set
<LI><a href="#[e4]">&gt;&gt;</a>&nbsp;&nbsp;&nbsp;flash_cs_clr
</UL>
<BR>[Called By]<UL><LI><a href="#[a5]">&gt;&gt;</a>&nbsp;&nbsp;&nbsp;w25qxx_init
</UL>
<P>
<H3>
Local Symbols
</H3>
<P><STRONG><a name="[87]"></a>SetSysClockTo72</STRONG> (Thumb, 160 bytes, Stack size 12 bytes, system_stm32f10x.o(i.SetSysClockTo72))
<BR><BR>[Stack]<UL><LI>Max Depth = 12<LI>Call Chain = SetSysClockTo72
</UL>
<BR>[Called By]<UL><LI><a href="#[36]">&gt;&gt;</a>&nbsp;&nbsp;&nbsp;SystemInit
</UL>

<P><STRONG><a name="[60]"></a>gpio_read</STRONG> (Thumb, 14 bytes, Stack size 8 bytes, encoder.o(i.gpio_read))
<BR><BR>[Stack]<UL><LI>Max Depth = 8<LI>Call Chain = gpio_read
</UL>
<BR>[Calls]<UL><LI><a href="#[9c]">&gt;&gt;</a>&nbsp;&nbsp;&nbsp;GPIO_ReadInputDataBit
</UL>
<BR>[Called By]<UL><LI><a href="#[5f]">&gt;&gt;</a>&nbsp;&nbsp;&nbsp;ENC_GetDir
</UL>

<P><STRONG><a name="[c8]"></a>_dirty_overlap_merged</STRONG> (Thumb, 238 bytes, Stack size 56 bytes, sc_common.o(i._dirty_overlap_merged))
<BR><BR>[Stack]<UL><LI>Max Depth = 56<LI>Call Chain = _dirty_overlap_merged
</UL>
<BR>[Called By]<UL><LI><a href="#[c9]">&gt;&gt;</a>&nbsp;&nbsp;&nbsp;sc_dirty_merge_out
<LI><a href="#[c5]">&gt;&gt;</a>&nbsp;&nbsp;&nbsp;sc_dirty_mark
</UL>

<P><STRONG><a name="[c7]"></a>sc_area_intersect_to_parent</STRONG> (Thumb, 96 bytes, Stack size 12 bytes, sc_common.o(i.sc_area_intersect_to_parent))
<BR><BR>[Stack]<UL><LI>Max Depth = 12<LI>Call Chain = sc_area_intersect_to_parent
</UL>
<BR>[Called By]<UL><LI><a href="#[c5]">&gt;&gt;</a>&nbsp;&nbsp;&nbsp;sc_dirty_mark
<LI><a href="#[97]">&gt;&gt;</a>&nbsp;&nbsp;&nbsp;sc_pfb_intersection
</UL>

<P><STRONG><a name="[d7]"></a>sc_pfb_memset</STRONG> (Thumb, 60 bytes, Stack size 8 bytes, sc_common.o(i.sc_pfb_memset))
<BR><BR>[Stack]<UL><LI>Max Depth = 8<LI>Call Chain = sc_pfb_memset
</UL>
<BR>[Called By]<UL><LI><a href="#[99]">&gt;&gt;</a>&nbsp;&nbsp;&nbsp;sc_pfb_next_slice
<LI><a href="#[96]">&gt;&gt;</a>&nbsp;&nbsp;&nbsp;sc_pfb_init_slices
</UL>

<P><STRONG><a name="[d8]"></a>sc_pfb_refresh</STRONG> (Thumb, 20 bytes, Stack size 16 bytes, sc_common.o(i.sc_pfb_refresh))
<BR><BR>[Stack]<UL><LI>Max Depth = 16<LI>Call Chain = sc_pfb_refresh
</UL>
<BR>[Called By]<UL><LI><a href="#[99]">&gt;&gt;</a>&nbsp;&nbsp;&nbsp;sc_pfb_next_slice
</UL>

<P><STRONG><a name="[c6]"></a>sc_rect_intersect_to_area</STRONG> (Thumb, 130 bytes, Stack size 12 bytes, sc_common.o(i.sc_rect_intersect_to_area))
<BR><BR>[Stack]<UL><LI>Max Depth = 12<LI>Call Chain = sc_rect_intersect_to_area
</UL>
<BR>[Called By]<UL><LI><a href="#[c5]">&gt;&gt;</a>&nbsp;&nbsp;&nbsp;sc_dirty_mark
</UL>

<P><STRONG><a name="[98]"></a>alphaBlend_fast</STRONG> (Thumb, 22 bytes, Stack size 8 bytes, sc_gui.o(i.alphaBlend_fast))
<BR><BR>[Stack]<UL><LI>Max Depth = 8<LI>Call Chain = alphaBlend_fast
</UL>
<BR>[Calls]<UL><LI><a href="#[92]">&gt;&gt;</a>&nbsp;&nbsp;&nbsp;alphaBlend
</UL>
<BR>[Called By]<UL><LI><a href="#[a2]">&gt;&gt;</a>&nbsp;&nbsp;&nbsp;sc_draw_Fill
<LI><a href="#[95]">&gt;&gt;</a>&nbsp;&nbsp;&nbsp;_draw_Roundrect
</UL>

<P><STRONG><a name="[ce]"></a>sc_text_box_bar</STRONG> (Thumb, 158 bytes, Stack size 48 bytes, sc_gui.o(i.sc_text_box_bar))
<BR><BR>[Stack]<UL><LI>Max Depth = 248<LI>Call Chain = sc_text_box_bar &rArr; sc_draw_Rounded_rect &rArr; _draw_Roundrect &rArr; sc_pfb_next_slice &rArr; sc_pfb_refresh
</UL>
<BR>[Calls]<UL><LI><a href="#[cd]">&gt;&gt;</a>&nbsp;&nbsp;&nbsp;sc_draw_Rounded_rect
</UL>
<BR>[Called By]<UL><LI><a href="#[a4]">&gt;&gt;</a>&nbsp;&nbsp;&nbsp;sc_draw_Textbox
</UL>

<P><STRONG><a name="[d2]"></a>lv_txt_utf8_next</STRONG> (Thumb, 136 bytes, Stack size 16 bytes, sc_lvgl_font.o(i.lv_txt_utf8_next))
<BR><BR>[Stack]<UL><LI>Max Depth = 16<LI>Call Chain = lv_txt_utf8_next
</UL>
<BR>[Called By]<UL><LI><a href="#[d0]">&gt;&gt;</a>&nbsp;&nbsp;&nbsp;sc_get_line_width
</UL>

<P><STRONG><a name="[42]"></a>_Bilinear_Image</STRONG> (Thumb, 278 bytes, Stack size 56 bytes, sc_transform.o(i._Bilinear_Image))
<BR><BR>[Stack]<UL><LI>Max Depth = 56<LI>Call Chain = _Bilinear_Image
</UL>
<BR>[Calls]<UL><LI><a href="#[92]">&gt;&gt;</a>&nbsp;&nbsp;&nbsp;alphaBlend
</UL>
<BR>[Address Reference Count : 1]<UL><LI> sc_transform.o(i.sc_draw_transform)
</UL>
<P><STRONG><a name="[43]"></a>_Bilinear_font</STRONG> (Thumb, 224 bytes, Stack size 56 bytes, sc_transform.o(i._Bilinear_font))
<BR><BR>[Stack]<UL><LI>Max Depth = 56<LI>Call Chain = _Bilinear_font
</UL>
<BR>[Calls]<UL><LI><a href="#[92]">&gt;&gt;</a>&nbsp;&nbsp;&nbsp;alphaBlend
<LI><a href="#[93]">&gt;&gt;</a>&nbsp;&nbsp;&nbsp;get_bpp_value
</UL>
<BR>[Address Reference Count : 1]<UL><LI> sc_transform.o(i.sc_draw_transform)
</UL>
<P><STRONG><a name="[93]"></a>get_bpp_value</STRONG> (Thumb, 108 bytes, Stack size 0 bytes, sc_transform.o(i.get_bpp_value))
<BR><BR>[Called By]<UL><LI><a href="#[43]">&gt;&gt;</a>&nbsp;&nbsp;&nbsp;_Bilinear_font
</UL>

<P><STRONG><a name="[d1]"></a>sc_rect_to_area</STRONG> (Thumb, 36 bytes, Stack size 16 bytes, sc_transform.o(i.sc_rect_to_area))
<BR><BR>[Stack]<UL><LI>Max Depth = 16<LI>Call Chain = sc_rect_to_area
</UL>
<BR>[Called By]<UL><LI><a href="#[a3]">&gt;&gt;</a>&nbsp;&nbsp;&nbsp;sc_draw_transform
</UL>

<P><STRONG><a name="[45]"></a>__user_font_get_bitmap</STRONG> (Thumb, 70 bytes, Stack size 16 bytes, lv_font_12.o(i.__user_font_get_bitmap))
<BR><BR>[Stack]<UL><LI>Max Depth = 28<LI>Call Chain = __user_font_get_bitmap &rArr; binsearch
</UL>
<BR>[Calls]<UL><LI><a href="#[94]">&gt;&gt;</a>&nbsp;&nbsp;&nbsp;binsearch
</UL>
<BR>[Address Reference Count : 1]<UL><LI> lv_font_12.o(.data)
</UL>
<P><STRONG><a name="[44]"></a>__user_font_get_glyph_dsc</STRONG> (Thumb, 106 bytes, Stack size 16 bytes, lv_font_12.o(i.__user_font_get_glyph_dsc))
<BR><BR>[Stack]<UL><LI>Max Depth = 28<LI>Call Chain = __user_font_get_glyph_dsc &rArr; binsearch
</UL>
<BR>[Calls]<UL><LI><a href="#[94]">&gt;&gt;</a>&nbsp;&nbsp;&nbsp;binsearch
</UL>
<BR>[Address Reference Count : 1]<UL><LI> lv_font_12.o(.data)
</UL>
<P><STRONG><a name="[94]"></a>binsearch</STRONG> (Thumb, 44 bytes, Stack size 12 bytes, lv_font_12.o(i.binsearch))
<BR><BR>[Stack]<UL><LI>Max Depth = 12<LI>Call Chain = binsearch
</UL>
<BR>[Called By]<UL><LI><a href="#[44]">&gt;&gt;</a>&nbsp;&nbsp;&nbsp;__user_font_get_glyph_dsc
<LI><a href="#[45]">&gt;&gt;</a>&nbsp;&nbsp;&nbsp;__user_font_get_bitmap
</UL>

<P><STRONG><a name="[d6]"></a>sc_obj_list_add</STRONG> (Thumb, 108 bytes, Stack size 20 bytes, sc_obj_1.o(i.sc_obj_list_add))
<BR><BR>[Stack]<UL><LI>Max Depth = 20<LI>Call Chain = sc_obj_list_add
</UL>
<BR>[Called By]<UL><LI><a href="#[b1]">&gt;&gt;</a>&nbsp;&nbsp;&nbsp;sc_obj_init
</UL>

<P><STRONG><a name="[3f]"></a>handle_event_rect</STRONG> (Thumb, 64 bytes, Stack size 24 bytes, sc_widget.o(i.handle_event_rect))
<BR><BR>[Stack]<UL><LI>Max Depth = 168<LI>Call Chain = handle_event_rect &rArr; sc_draw_Fill &rArr; sc_clear &rArr; sc_pfb_next_slice &rArr; sc_pfb_refresh
</UL>
<BR>[Calls]<UL><LI><a href="#[a2]">&gt;&gt;</a>&nbsp;&nbsp;&nbsp;sc_draw_Fill
</UL>
<BR>[Address Reference Count : 1]<UL><LI> sc_widget.o(i.sc_create_srceen)
</UL>
<P><STRONG><a name="[d3]"></a>sc_obj_dirty</STRONG> (Thumb, 162 bytes, Stack size 40 bytes, sc_widget.o(i.sc_obj_dirty))
<BR><BR>[Stack]<UL><LI>Max Depth = 128<LI>Call Chain = sc_obj_dirty &rArr; sc_dirty_mark &rArr; _dirty_overlap_merged
</UL>
<BR>[Calls]<UL><LI><a href="#[c5]">&gt;&gt;</a>&nbsp;&nbsp;&nbsp;sc_dirty_mark
</UL>
<BR>[Called By]<UL><LI><a href="#[bd]">&gt;&gt;</a>&nbsp;&nbsp;&nbsp;sc_obj_set_geometry
</UL>

<P><STRONG><a name="[bd]"></a>sc_obj_set_geometry</STRONG> (Thumb, 80 bytes, Stack size 32 bytes, sc_widget.o(i.sc_obj_set_geometry))
<BR><BR>[Stack]<UL><LI>Max Depth = 160<LI>Call Chain = sc_obj_set_geometry &rArr; sc_obj_dirty &rArr; sc_dirty_mark &rArr; _dirty_overlap_merged
</UL>
<BR>[Calls]<UL><LI><a href="#[d3]">&gt;&gt;</a>&nbsp;&nbsp;&nbsp;sc_obj_dirty
<LI><a href="#[b4]">&gt;&gt;</a>&nbsp;&nbsp;&nbsp;sc_rcet_align
</UL>
<BR>[Called By]<UL><LI><a href="#[bc]">&gt;&gt;</a>&nbsp;&nbsp;&nbsp;sc_create_srceen
</UL>

<P><STRONG><a name="[38]"></a>Canvas_bounce_cb</STRONG> (Thumb, 146 bytes, Stack size 16 bytes, sc_canvas.o(i.Canvas_bounce_cb))
<BR><BR>[Stack]<UL><LI>Max Depth = 192<LI>Call Chain = Canvas_bounce_cb &rArr; sc_obj_move_Canvas &rArr; sc_obj_dirty &rArr; sc_dirty_mark &rArr; _dirty_overlap_merged
</UL>
<BR>[Calls]<UL><LI><a href="#[59]">&gt;&gt;</a>&nbsp;&nbsp;&nbsp;sc_obj_move_Canvas
</UL>
<BR>[Address Reference Count : 2]<UL><LI> sc_canvas.o(i.Canvas_cmd_event)
<LI> sc_canvas.o(i.handle_event_canvas)
</UL>
<P><STRONG><a name="[9d]"></a>Canvas_cmd_event</STRONG> (Thumb, 98 bytes, Stack size 16 bytes, sc_canvas.o(i.Canvas_cmd_event))
<BR><BR>[Stack]<UL><LI>Max Depth = 16<LI>Call Chain = Canvas_cmd_event
</UL>
<BR>[Called By]<UL><LI><a href="#[3c]">&gt;&gt;</a>&nbsp;&nbsp;&nbsp;handle_event_canvas
</UL>

<P><STRONG><a name="[3c]"></a>handle_event_canvas</STRONG> (Thumb, 282 bytes, Stack size 24 bytes, sc_canvas.o(i.handle_event_canvas))
<BR><BR>[Stack]<UL><LI>Max Depth = 200<LI>Call Chain = handle_event_canvas &rArr; sc_obj_move_Canvas &rArr; sc_obj_dirty &rArr; sc_dirty_mark &rArr; _dirty_overlap_merged
</UL>
<BR>[Calls]<UL><LI><a href="#[59]">&gt;&gt;</a>&nbsp;&nbsp;&nbsp;sc_obj_move_Canvas
<LI><a href="#[9d]">&gt;&gt;</a>&nbsp;&nbsp;&nbsp;Canvas_cmd_event
</UL>
<BR>[Address Reference Count : 1]<UL><LI> sc_canvas.o(i.sc_create_canvas)
</UL>
<P><STRONG><a name="[b5]"></a>sc_obj_dirty</STRONG> (Thumb, 162 bytes, Stack size 40 bytes, sc_canvas.o(i.sc_obj_dirty))
<BR><BR>[Stack]<UL><LI>Max Depth = 128<LI>Call Chain = sc_obj_dirty &rArr; sc_dirty_mark &rArr; _dirty_overlap_merged
</UL>
<BR>[Calls]<UL><LI><a href="#[c5]">&gt;&gt;</a>&nbsp;&nbsp;&nbsp;sc_dirty_mark
</UL>
<BR>[Called By]<UL><LI><a href="#[b3]">&gt;&gt;</a>&nbsp;&nbsp;&nbsp;sc_create_canvas
<LI><a href="#[59]">&gt;&gt;</a>&nbsp;&nbsp;&nbsp;sc_obj_move_Canvas
</UL>

<P><STRONG><a name="[59]"></a>sc_obj_move_Canvas</STRONG> (Thumb, 206 bytes, Stack size 48 bytes, sc_canvas.o(i.sc_obj_move_Canvas))
<BR><BR>[Stack]<UL><LI>Max Depth = 176<LI>Call Chain = sc_obj_move_Canvas &rArr; sc_obj_dirty &rArr; sc_dirty_mark &rArr; _dirty_overlap_merged
</UL>
<BR>[Calls]<UL><LI><a href="#[b5]">&gt;&gt;</a>&nbsp;&nbsp;&nbsp;sc_obj_dirty
</UL>
<BR>[Called By]<UL><LI><a href="#[3c]">&gt;&gt;</a>&nbsp;&nbsp;&nbsp;handle_event_canvas
<LI><a href="#[38]">&gt;&gt;</a>&nbsp;&nbsp;&nbsp;Canvas_bounce_cb
</UL>

<P><STRONG><a name="[3b]"></a>handle_event_image</STRONG> (Thumb, 104 bytes, Stack size 16 bytes, sc_image.o(i.handle_event_image))
<BR><BR>[Stack]<UL><LI>Max Depth = 168<LI>Call Chain = handle_event_image &rArr; sc_draw_Image_indexQOI &rArr; sc_pfb_next_slice &rArr; sc_pfb_refresh
</UL>
<BR>[Calls]<UL><LI><a href="#[a0]">&gt;&gt;</a>&nbsp;&nbsp;&nbsp;sc_draw_Image_indexQOI
<LI><a href="#[9f]">&gt;&gt;</a>&nbsp;&nbsp;&nbsp;sc_draw_Image_zip
<LI><a href="#[9e]">&gt;&gt;</a>&nbsp;&nbsp;&nbsp;sc_draw_Image
</UL>
<BR>[Address Reference Count : 1]<UL><LI> sc_image.o(i.sc_create_Image_indexQOI)
</UL>
<P><STRONG><a name="[d4]"></a>sc_obj_dirty</STRONG> (Thumb, 162 bytes, Stack size 40 bytes, sc_image.o(i.sc_obj_dirty))
<BR><BR>[Stack]<UL><LI>Max Depth = 128<LI>Call Chain = sc_obj_dirty &rArr; sc_dirty_mark &rArr; _dirty_overlap_merged
</UL>
<BR>[Calls]<UL><LI><a href="#[c5]">&gt;&gt;</a>&nbsp;&nbsp;&nbsp;sc_dirty_mark
</UL>
<BR>[Called By]<UL><LI><a href="#[b2]">&gt;&gt;</a>&nbsp;&nbsp;&nbsp;sc_obj_set_geometry
</UL>

<P><STRONG><a name="[b2]"></a>sc_obj_set_geometry</STRONG> (Thumb, 80 bytes, Stack size 32 bytes, sc_image.o(i.sc_obj_set_geometry))
<BR><BR>[Stack]<UL><LI>Max Depth = 160<LI>Call Chain = sc_obj_set_geometry &rArr; sc_obj_dirty &rArr; sc_dirty_mark &rArr; _dirty_overlap_merged
</UL>
<BR>[Calls]<UL><LI><a href="#[b4]">&gt;&gt;</a>&nbsp;&nbsp;&nbsp;sc_rcet_align
<LI><a href="#[d4]">&gt;&gt;</a>&nbsp;&nbsp;&nbsp;sc_obj_dirty
</UL>
<BR>[Called By]<UL><LI><a href="#[af]">&gt;&gt;</a>&nbsp;&nbsp;&nbsp;sc_create_Image_indexQOI
</UL>

<P><STRONG><a name="[3d]"></a>handle_event_label</STRONG> (Thumb, 48 bytes, Stack size 16 bytes, sc_label.o(i.handle_event_label))
<BR><BR>[Stack]<UL><LI>Max Depth = 480<LI>Call Chain = handle_event_label &rArr; sc_draw_Label &rArr; sc_draw_str &rArr; sc_draw_lv_letter &rArr; sc_pfb_next_slice &rArr; sc_pfb_refresh
</UL>
<BR>[Calls]<UL><LI><a href="#[a1]">&gt;&gt;</a>&nbsp;&nbsp;&nbsp;sc_draw_Label
</UL>
<BR>[Address Reference Count : 1]<UL><LI> sc_label.o(i.sc_create_label)
</UL>
<P><STRONG><a name="[b7]"></a>sc_obj_dirty</STRONG> (Thumb, 162 bytes, Stack size 40 bytes, sc_label.o(i.sc_obj_dirty))
<BR><BR>[Stack]<UL><LI>Max Depth = 128<LI>Call Chain = sc_obj_dirty &rArr; sc_dirty_mark &rArr; _dirty_overlap_merged
</UL>
<BR>[Calls]<UL><LI><a href="#[c5]">&gt;&gt;</a>&nbsp;&nbsp;&nbsp;sc_dirty_mark
</UL>
<BR>[Called By]<UL><LI><a href="#[c1]">&gt;&gt;</a>&nbsp;&nbsp;&nbsp;sc_set_label_text
<LI><a href="#[b6]">&gt;&gt;</a>&nbsp;&nbsp;&nbsp;sc_create_label
</UL>

<P><STRONG><a name="[3e]"></a>handle_event_rotate</STRONG> (Thumb, 58 bytes, Stack size 8 bytes, sc_rotate.o(i.handle_event_rotate))
<BR><BR>[Stack]<UL><LI>Max Depth = 168<LI>Call Chain = handle_event_rotate &rArr; sc_draw_transform &rArr; sc_pfb_next_slice &rArr; sc_pfb_refresh
</UL>
<BR>[Calls]<UL><LI><a href="#[a3]">&gt;&gt;</a>&nbsp;&nbsp;&nbsp;sc_draw_transform
</UL>
<BR>[Address Reference Count : 1]<UL><LI> sc_rotate.o(i.sc_create_rotate)
</UL>
<P><STRONG><a name="[40]"></a>handle_event_textbox</STRONG> (Thumb, 48 bytes, Stack size 16 bytes, sc_text_box.o(i.handle_event_textbox))
<BR><BR>[Stack]<UL><LI>Max Depth = 496<LI>Call Chain = handle_event_textbox &rArr; sc_draw_Textbox &rArr; sc_draw_str &rArr; sc_draw_lv_letter &rArr; sc_pfb_next_slice &rArr; sc_pfb_refresh
</UL>
<BR>[Calls]<UL><LI><a href="#[a4]">&gt;&gt;</a>&nbsp;&nbsp;&nbsp;sc_draw_Textbox
</UL>
<BR>[Address Reference Count : 1]<UL><LI> sc_text_box.o(i.sc_create_textbox)
</UL>
<P><STRONG><a name="[bf]"></a>sc_obj_dirty</STRONG> (Thumb, 162 bytes, Stack size 40 bytes, sc_text_box.o(i.sc_obj_dirty))
<BR><BR>[Stack]<UL><LI>Max Depth = 128<LI>Call Chain = sc_obj_dirty &rArr; sc_dirty_mark &rArr; _dirty_overlap_merged
</UL>
<BR>[Calls]<UL><LI><a href="#[c5]">&gt;&gt;</a>&nbsp;&nbsp;&nbsp;sc_dirty_mark
</UL>
<BR>[Called By]<UL><LI><a href="#[be]">&gt;&gt;</a>&nbsp;&nbsp;&nbsp;sc_create_textbox
</UL>

<P><STRONG><a name="[d5]"></a>sc_obj_dirty</STRONG> (Thumb, 162 bytes, Stack size 40 bytes, sc_demo_widget.o(i.sc_obj_dirty))
<BR><BR>[Stack]<UL><LI>Max Depth = 128<LI>Call Chain = sc_obj_dirty &rArr; sc_dirty_mark &rArr; _dirty_overlap_merged
</UL>
<BR>[Calls]<UL><LI><a href="#[c5]">&gt;&gt;</a>&nbsp;&nbsp;&nbsp;sc_dirty_mark
</UL>
<BR>[Called By]<UL><LI><a href="#[c2]">&gt;&gt;</a>&nbsp;&nbsp;&nbsp;sc_set_color
</UL>

<P><STRONG><a name="[c2]"></a>sc_set_color</STRONG> (Thumb, 26 bytes, Stack size 0 bytes, sc_demo_widget.o(i.sc_set_color))
<BR><BR>[Stack]<UL><LI>Max Depth = 128<LI>Call Chain = sc_set_color &rArr; sc_obj_dirty &rArr; sc_dirty_mark &rArr; _dirty_overlap_merged
</UL>
<BR>[Calls]<UL><LI><a href="#[d5]">&gt;&gt;</a>&nbsp;&nbsp;&nbsp;sc_obj_dirty
</UL>
<BR>[Called By]<UL><LI><a href="#[a8]">&gt;&gt;</a>&nbsp;&nbsp;&nbsp;sc_demo_obj_watch
</UL>
<P>
<H3>
Undefined Global Symbols
</H3><HR></body></html>
