<html>
<body>
<pre>
<h1>�Vision Build Log</h1>
<h2>Tool Versions:</h2>
IDE-Version: ��Vision V5.24.2.0
Copyright (C) 2017 ARM Ltd and ARM Germany GmbH. All rights reserved.
License Information: wweqw 2711597159@qq.com, qweqwe, LIC=RC93N-YILYA-IIY5V-PX4ZI-ZUPX4-EK4SI
 
Tool Versions:
Toolchain:       MDK-ARM Plus  Version: 5.24.1
Toolchain Path:  C:\Keil_v5\ARM\ARMCC\Bin
C Compiler:      Armcc.exe V5.06 update 5 (build 528)
Assembler:       Armasm.exe V5.06 update 5 (build 528)
Linker/Locator:  ArmLink.exe V5.06 update 5 (build 528)
Library Manager: ArmAr.exe V5.06 update 5 (build 528)
Hex Converter:   FromElf.exe V5.06 update 5 (build 528)
CPU DLL:         SARMCM3.DLL V5.24.1
Dialog DLL:      DCM.DLL V1.16.0.0
Target DLL:      STLink\ST-LINKIII-KEIL_SWO.dll V3.0.1.0
Dialog DLL:      TCM.DLL V1.32.0.0
 
<h2>Project:</h2>
C:\Users\27115\Desktop\xunyu_project\science_project\project_1_0809_2\project_1\MDK-ARM\project_1.uvprojx
Project File Date:  03/25/2026

<h2>Output:</h2>
*** Using Compiler 'V5.06 update 5 (build 528)', folder: 'C:\Keil_v5\ARM\ARMCC\Bin'
Rebuild target 'project_1'
assembling startup_stm32f103xb.s...
compiling gpio.c...
compiling tim.c...
compiling stm32f1xx_hal_gpio_ex.c...
compiling dma.c...
compiling usart.c...
compiling stm32f1xx_it.c...
compiling iwdg.c...
compiling adc.c...
compiling spi.c...
compiling stm32f1xx_hal_msp.c...
compiling main.c...
compiling stm32f1xx_hal_cortex.c...
compiling stm32f1xx_hal.c...
compiling stm32f1xx_hal_adc_ex.c...
compiling stm32f1xx_hal_rcc_ex.c...
compiling stm32f1xx_hal_gpio.c...
compiling stm32f1xx_hal_flash_ex.c...
compiling stm32f1xx_hal_pwr.c...
compiling stm32f1xx_hal_flash.c...
compiling stm32f1xx_hal_adc.c...
compiling stm32f1xx_hal_dma.c...
compiling stm32f1xx_hal_rcc.c...
compiling stm32f1xx_hal_iwdg.c...
compiling system_stm32f1xx.c...
compiling stm32f1xx_hal_exti.c...
compiling oledfont.c...
compiling frequency_counter.c...
compiling ST7567A.c...
compiling stm32f1xx_hal_spi.c...
compiling stm32f1xx_hal_tim_ex.c...
compiling stm32f1xx_hal_uart.c...
compiling lv_font_12.c...
compiling lv_font_16.c...
compiling interface_manager.c...
compiling sc_common.c...
compiling sc_arc.c...
..\my_core\scgui\sc_arc.c(362): warning:  #177-D: variable "cx"  was declared but never referenced
      int cx = x + w / 2; // X中心（左右对称）
..\my_core\scgui\sc_arc.c: 1 warning, 0 errors
compiling sc_event_task.c...
compiling sc_indexQOI.c...
..\my_core\scgui\sc_indexQOI.c(50): warning:  #177-D: variable "interval"  was declared but never referenced
      uint16_t interval = (src[5] << 8) | src[6]; // 索引间隔
..\my_core\scgui\sc_indexQOI.c: 1 warning, 0 errors
compiling sc_menu.c...
..\my_core\scgui\sc_menu.c(26): warning:  #870-D: invalid multibyte character sequence
                  {"Exit", "退�? "},
..\my_core\scgui\sc_menu.c(47): warning:  #870-D: invalid multibyte character sequence
                  {"Version", "版本�? "},
..\my_core\scgui\sc_menu.c(69): warning:  #870-D: invalid multibyte character sequence
                  {"1", "�? "},
..\my_core\scgui\sc_menu.c(70): warning:  #870-D: invalid multibyte character sequence
                  {"2", "�? "},
..\my_core\scgui\sc_menu.c(71): warning:  #870-D: invalid multibyte character sequence
                  {"3", "�? "},
..\my_core\scgui\sc_menu.c(249): warning:  #870-D: invalid multibyte character sequence
      printf("[Menu] 按回车进入菜�? \n");
..\my_core\scgui\sc_menu.c: 6 warnings, 0 errors
compiling sc_lvgl_font.c...
..\my_core\scgui\sc_lvgl_font.c(103): warning:  #177-D: variable "alpha"  was declared but never referenced
      uint16_t alpha = gui->alpha;
..\my_core\scgui\sc_lvgl_font.c(400): warning:  #1-D: last line of file ends without a newline
  }
..\my_core\scgui\sc_lvgl_font.c: 2 warnings, 0 errors
compiling stm32f1xx_hal_tim.c...
compiling sc_transform.c...
compiling lv_font_20.c...
compiling sc_gui.c...
..\my_core\scgui\sc_gui.c(590): warning:  #177-D: variable "alpha"  was declared but never referenced
          uint8_t alpha = gui->alpha;
..\my_core\scgui\sc_gui.c: 1 warning, 0 errors
compiling soft_i2c.c...
compiling eeprom_24c16.c...
compiling sc_port.c...
compiling ui_main.c...
compiling ui_menu.c...
linking...
Program Size: Code=40824 RO-data=12756 RW-data=680 ZI-data=8456  
FromELF: creating hex file...
"project_1\project_1.axf" - 0 Error(s), 11 Warning(s).

<h2>Software Packages used:</h2>

Package Vendor: ARM
                http://www.keil.com/pack/ARM.CMSIS.5.0.1.pack
                ARM.CMSIS.5.0.1
                CMSIS (Cortex Microcontroller Software Interface Standard)
   * Component: CORE Version: 5.0.1

Package Vendor: Keil
                http://www.keil.com/pack/Keil.STM32F1xx_DFP.2.2.0.pack
                Keil.STM32F1xx_DFP.2.2.0
                STMicroelectronics STM32F1 Series Device Support, Drivers and Examples

<h2>Collection of Component include folders:</h2>
  .\RTE\_project_1
  C:\Keil_v5\ARM\PACK\ARM\CMSIS\5.0.1\CMSIS\Include
  C:\Keil_v5\ARM\PACK\Keil\STM32F1xx_DFP\2.2.0\Device\Include

<h2>Collection of Component Files used:</h2>

   * Component: ARM::CMSIS:CORE:5.0.1
Build Time Elapsed:  00:00:12
</pre>
</body>
</html>
