<html>
<body>
<pre>
<h1>礦ision Build Log</h1>
<h2>Tool Versions:</h2>
IDE-Version: μVision V5.42.0.0
Copyright (C) 2025 ARM Ltd and ARM Germany GmbH. All rights reserved.
License Information: qqqqqq qqq@qq.com, qqq, LIC=585FJ-UBAQ0-562Q2-957QI-PG193-HR7MG
 
Tool Versions:
Toolchain:       MDK-ARM Plus  Version: 5.42.0.0
Toolchain Path:  D:\Keil_v5\ARM\ARMCC\Bin
C Compiler:      Armcc.exe V5.06 update 7 (build 960)
Assembler:       Armasm.exe V5.06 update 7 (build 960)
Linker/Locator:  ArmLink.exe V5.06 update 7 (build 960)
Library Manager: ArmAr.exe V5.06 update 7 (build 960)
Hex Converter:   FromElf.exe V5.06 update 7 (build 960)
CPU DLL:         SARMCM3.DLL V5.42.0.0
Dialog DLL:      DCM.DLL V1.17.5.0
Target DLL:      CMSIS_AGDI.dll V1.33.22.0
Dialog DLL:      TCM.DLL V1.56.6.0
 
<h2>Project:</h2>
d:\Users\Administrator\Desktop\STM32F103\ex_flash_download\Flash_FLM\NewDevice.uvprojx
Project File Date:  12/11/2025

<h2>Output:</h2>
*** Using Compiler 'V5.06 update 7 (build 960)', folder: 'D:\Keil_v5\ARM\ARMCC\Bin'
Rebuild target 'FLM'
compiling FlashDev.c...
compiling stm32f10x_dma.c...
compiling system_stm32f10x.c...
compiling stm32f103_flash_hard_stdspi_port.c...
compiling FlashPrg.c...
compiling stm32f10x_gpio.c...
compiling w25qxx.c...
w25qxx.c(46): warning:  #177-D: function "w25qxx_write_disable"  was declared but never referenced
  static void w25qxx_write_disable(void)
w25qxx.c: 1 warning, 0 errors
compiling stm32f10x_spi.c...
compiling stm32f10x_rcc.c...
linking...
Program Size: Code=4984 RO-data=4256 RW-data=64 ZI-data=2048  
After Build - User command #1: cmd.exe /C copy "Objects\WE_STM32F103_W25Q128.axf" ".\WE_STM32F103_W25Q128.FLM"
已复制         1 个文件。
".\Objects\WE_STM32F103_W25Q128.axf" - 0 Error(s), 1 Warning(s).

<h2>Software Packages used:</h2>

Package Vendor: Keil
                https://www.keil.com/pack/Keil.STM32F1xx_DFP.2.4.1.pack
                Keil::STM32F1xx_DFP@2.4.1
                STMicroelectronics STM32F1 Series Device Support, Drivers and Examples

<h2>Collection of Component include folders:</h2>
  D:/Users/Administrator/AppData/Local/Arm/Packs/Keil/STM32F1xx_DFP/2.4.1/Device/Include

<h2>Collection of Component Files used:</h2>
Build Time Elapsed:  00:00:00
</pre>
</body>
</html>
